0
-2
-11
-10
-17
-8
7
-26
14
-5
1
-10
13
-6
-36
-36
-31
-6
17
-4
-12
-12
-37
-10
-11
-9
-9
34
6
-46
-1
-40
-2
-3
13
14
-3
17
8
-16
-38
0
25
6
-9
19
