2147483647
2147483647
5
5
5
2147483647
5
2147483647
8
2147483647
9
9
1
7
8
7
1
1
8
1
1
8
6
1
7
7
1
1
6
8
8
8
6
8
8
4
4
4
5
1
1
5
5
5
8
5
6
6
6
3
6
6
6
6
6
4
7
7
7
