3.1200000000 4.1600000000
2.2800000000 3.0400000000
1.4400000000 1.9200000000
0.6000000000 0.8000000000
-0.2400000000 -0.3200000000
-0.1200000000 -0.1600000000
0.7200000000 0.9600000000
1.5600000000 2.0800000000
2.4000000000 3.2000000000
3.2400000000 4.3200000000
