-24.57641145 24.57641145 24.57641145 -24.57641145
