0:
1: 0
4: 2
5: 0 2
16: 4
17: 0 4
20: 2 4
21: 0 2 4
32: 5
33: 0 5
36: 2 5
37: 0 2 5
48: 4 5
49: 0 4 5
52: 2 4 5
53: 0 2 4 5
