0:
1: 0
2: 1
3: 0 1
4: 2
5: 0 2
6: 1 2
7: 0 1 2
32: 5
33: 0 5
34: 1 5
35: 0 1 5
36: 2 5
37: 0 2 5
38: 1 2 5
39: 0 1 2 5
64: 6
65: 0 6
66: 1 6
67: 0 1 6
68: 2 6
69: 0 2 6
70: 1 2 6
71: 0 1 2 6
96: 5 6
97: 0 5 6
98: 1 5 6
99: 0 1 5 6
100: 2 5 6
101: 0 2 5 6
102: 1 2 5 6
103: 0 1 2 5 6
1024: 10
1025: 0 10
1026: 1 10
1027: 0 1 10
1028: 2 10
1029: 0 2 10
1030: 1 2 10
1031: 0 1 2 10
1056: 5 10
1057: 0 5 10
1058: 1 5 10
1059: 0 1 5 10
1060: 2 5 10
1061: 0 2 5 10
1062: 1 2 5 10
1063: 0 1 2 5 10
1088: 6 10
1089: 0 6 10
1090: 1 6 10
1091: 0 1 6 10
1092: 2 6 10
1093: 0 2 6 10
1094: 1 2 6 10
1095: 0 1 2 6 10
1120: 5 6 10
1121: 0 5 6 10
1122: 1 5 6 10
1123: 0 1 5 6 10
1124: 2 5 6 10
1125: 0 2 5 6 10
1126: 1 2 5 6 10
1127: 0 1 2 5 6 10
8192: 13
8193: 0 13
8194: 1 13
8195: 0 1 13
8196: 2 13
8197: 0 2 13
8198: 1 2 13
8199: 0 1 2 13
8224: 5 13
8225: 0 5 13
8226: 1 5 13
8227: 0 1 5 13
8228: 2 5 13
8229: 0 2 5 13
8230: 1 2 5 13
8231: 0 1 2 5 13
8256: 6 13
8257: 0 6 13
8258: 1 6 13
8259: 0 1 6 13
8260: 2 6 13
8261: 0 2 6 13
8262: 1 2 6 13
8263: 0 1 2 6 13
8288: 5 6 13
8289: 0 5 6 13
8290: 1 5 6 13
8291: 0 1 5 6 13
8292: 2 5 6 13
8293: 0 2 5 6 13
8294: 1 2 5 6 13
8295: 0 1 2 5 6 13
9216: 10 13
9217: 0 10 13
9218: 1 10 13
9219: 0 1 10 13
9220: 2 10 13
9221: 0 2 10 13
9222: 1 2 10 13
9223: 0 1 2 10 13
9248: 5 10 13
9249: 0 5 10 13
9250: 1 5 10 13
9251: 0 1 5 10 13
9252: 2 5 10 13
9253: 0 2 5 10 13
9254: 1 2 5 10 13
9255: 0 1 2 5 10 13
9280: 6 10 13
9281: 0 6 10 13
9282: 1 6 10 13
9283: 0 1 6 10 13
9284: 2 6 10 13
9285: 0 2 6 10 13
9286: 1 2 6 10 13
9287: 0 1 2 6 10 13
9312: 5 6 10 13
9313: 0 5 6 10 13
9314: 1 5 6 10 13
9315: 0 1 5 6 10 13
9316: 2 5 6 10 13
9317: 0 2 5 6 10 13
9318: 1 2 5 6 10 13
9319: 0 1 2 5 6 10 13
