-7071.06781187 -7071.06781187 7071.06781187 7071.06781187
-7071.06781187 7071.06781187 7071.06781187 -7071.06781187
-7071.06781187 7071.06781187 7071.06781187 -7071.06781187
-7071.06781187 -7071.06781187 7071.06781187 7071.06781187
-7071.06781187 -7071.06781187 7071.06781187 7071.06781187
0.00000000 -10000.00000000 0.00000000 -10000.00000000
-7070.99458635 -7071.14103662 7071.49458635 7070.64101162
-10000.00000000 0.00000000 -10000.00000000 0.00000000
-7070.64101162 7071.49458635 7071.14103662 -7070.99458635
-7070.99458635 -7071.14103662 7071.49458635 7070.64101162
-7071.49458635 -7070.64101162 7070.99458635 7071.14103662
0.00000000 -10000.00000000 0.00000000 -10000.00000000
