-1.5090000359 1.3126000502
0.7522432791 -1.8531405907
