2.2053381624 -825.8585595560
41.6462693597 -819.2551234671
