-257.6789740361 -502.9808860466
-210.0058759384 -518.0201147083
