-0.2318174148 0.9727593157
0.2353386108 -0.9719134418
