CLOCKWISE
CLOCKWISE
CLOCKWISE
COUNTER_CLOCKWISE
CLOCKWISE
COUNTER_CLOCKWISE
COUNTER_CLOCKWISE
COUNTER_CLOCKWISE
COUNTER_CLOCKWISE
COUNTER_CLOCKWISE
CLOCKWISE
CLOCKWISE
CLOCKWISE
CLOCKWISE
COUNTER_CLOCKWISE
CLOCKWISE
COUNTER_CLOCKWISE
CLOCKWISE
COUNTER_CLOCKWISE
COUNTER_CLOCKWISE
CLOCKWISE
COUNTER_CLOCKWISE
COUNTER_CLOCKWISE
CLOCKWISE
COUNTER_CLOCKWISE
CLOCKWISE
COUNTER_CLOCKWISE
CLOCKWISE
COUNTER_CLOCKWISE
COUNTER_CLOCKWISE
CLOCKWISE
COUNTER_CLOCKWISE
CLOCKWISE
COUNTER_CLOCKWISE
CLOCKWISE
COUNTER_CLOCKWISE
CLOCKWISE
COUNTER_CLOCKWISE
COUNTER_CLOCKWISE
COUNTER_CLOCKWISE
COUNTER_CLOCKWISE
COUNTER_CLOCKWISE
CLOCKWISE
COUNTER_CLOCKWISE
COUNTER_CLOCKWISE
CLOCKWISE
CLOCKWISE
COUNTER_CLOCKWISE
COUNTER_CLOCKWISE
COUNTER_CLOCKWISE
CLOCKWISE
COUNTER_CLOCKWISE
COUNTER_CLOCKWISE
CLOCKWISE
CLOCKWISE
COUNTER_CLOCKWISE
CLOCKWISE
CLOCKWISE
CLOCKWISE
CLOCKWISE
COUNTER_CLOCKWISE
COUNTER_CLOCKWISE
CLOCKWISE
CLOCKWISE
CLOCKWISE
CLOCKWISE
COUNTER_CLOCKWISE
COUNTER_CLOCKWISE
COUNTER_CLOCKWISE
CLOCKWISE
COUNTER_CLOCKWISE
COUNTER_CLOCKWISE
COUNTER_CLOCKWISE
COUNTER_CLOCKWISE
CLOCKWISE
COUNTER_CLOCKWISE
CLOCKWISE
COUNTER_CLOCKWISE
COUNTER_CLOCKWISE
COUNTER_CLOCKWISE
COUNTER_CLOCKWISE
COUNTER_CLOCKWISE
CLOCKWISE
COUNTER_CLOCKWISE
COUNTER_CLOCKWISE
CLOCKWISE
CLOCKWISE
CLOCKWISE
COUNTER_CLOCKWISE
COUNTER_CLOCKWISE
COUNTER_CLOCKWISE
COUNTER_CLOCKWISE
COUNTER_CLOCKWISE
CLOCKWISE
COUNTER_CLOCKWISE
CLOCKWISE
CLOCKWISE
COUNTER_CLOCKWISE
COUNTER_CLOCKWISE
COUNTER_CLOCKWISE
CLOCKWISE
COUNTER_CLOCKWISE
COUNTER_CLOCKWISE
CLOCKWISE
CLOCKWISE
COUNTER_CLOCKWISE
CLOCKWISE
CLOCKWISE
COUNTER_CLOCKWISE
COUNTER_CLOCKWISE
CLOCKWISE
CLOCKWISE
COUNTER_CLOCKWISE
COUNTER_CLOCKWISE
CLOCKWISE
COUNTER_CLOCKWISE
COUNTER_CLOCKWISE
COUNTER_CLOCKWISE
CLOCKWISE
CLOCKWISE
CLOCKWISE
CLOCKWISE
CLOCKWISE
CLOCKWISE
CLOCKWISE
CLOCKWISE
COUNTER_CLOCKWISE
CLOCKWISE
COUNTER_CLOCKWISE
CLOCKWISE
CLOCKWISE
COUNTER_CLOCKWISE
COUNTER_CLOCKWISE
CLOCKWISE
COUNTER_CLOCKWISE
COUNTER_CLOCKWISE
CLOCKWISE
CLOCKWISE
COUNTER_CLOCKWISE
COUNTER_CLOCKWISE
COUNTER_CLOCKWISE
CLOCKWISE
COUNTER_CLOCKWISE
CLOCKWISE
COUNTER_CLOCKWISE
COUNTER_CLOCKWISE
CLOCKWISE
CLOCKWISE
CLOCKWISE
COUNTER_CLOCKWISE
ONLINE_BACK
CLOCKWISE
COUNTER_CLOCKWISE
COUNTER_CLOCKWISE
COUNTER_CLOCKWISE
CLOCKWISE
COUNTER_CLOCKWISE
CLOCKWISE
CLOCKWISE
CLOCKWISE
CLOCKWISE
COUNTER_CLOCKWISE
CLOCKWISE
CLOCKWISE
ONLINE_BACK
CLOCKWISE
CLOCKWISE
CLOCKWISE
COUNTER_CLOCKWISE
CLOCKWISE
COUNTER_CLOCKWISE
COUNTER_CLOCKWISE
CLOCKWISE
COUNTER_CLOCKWISE
CLOCKWISE
COUNTER_CLOCKWISE
COUNTER_CLOCKWISE
COUNTER_CLOCKWISE
CLOCKWISE
COUNTER_CLOCKWISE
CLOCKWISE
CLOCKWISE
CLOCKWISE
COUNTER_CLOCKWISE
CLOCKWISE
CLOCKWISE
CLOCKWISE
COUNTER_CLOCKWISE
COUNTER_CLOCKWISE
CLOCKWISE
COUNTER_CLOCKWISE
COUNTER_CLOCKWISE
COUNTER_CLOCKWISE
CLOCKWISE
CLOCKWISE
CLOCKWISE
CLOCKWISE
COUNTER_CLOCKWISE
CLOCKWISE
COUNTER_CLOCKWISE
