ON_SEGMENT
ON_SEGMENT
ON_SEGMENT
COUNTER_CLOCKWISE
CLOCKWISE
COUNTER_CLOCKWISE
CLOCKWISE
COUNTER_CLOCKWISE
CLOCKWISE
