CLOCKWISE
CLOCKWISE
CLOCKWISE
COUNTER_CLOCKWISE
COUNTER_CLOCKWISE
COUNTER_CLOCKWISE
