3
3
3
3
3
2147483647
3
2
1
9
9
9
0
1
9
0
0
3
0
4
3
3
0
3
4
0
3
4
0
0
0
8
4
6
3
6
6
6
0
6
0
0
0
0
1
0
0
0
0
0
0
9
0
9
0
