?
?
?
?
?
?
?
?
?
?
?
?
?
?
?
?
?
107
?
?
?
?
?
?
?
?
?
?
?
?
?
?
?
?
?
?
?
?
?
?
?
?
?
?
?
-1227
?
?
1594
?
771
?
-2575
?
212
4485
?
?
-2149
251
?
-3080
?
1640
4291
?
-315
?
?
-490
?
-4296
141
-2845
2903
-260
-1014
?
?
-5060
?
-2252
?
?
975
?
?
1102
3162
?
?
243
?
-370
?
?
-2190
664
-3854
715
3714
-1526
-868
?
201
-4199
2603
?
-1171
-387
2998
1331
1071
3682
-1551
?
250
2156
348
895
-3999
1768
-1272
1475
-3254
1923
-1606
-2975
?
1779
1999
-898
540
2559
3091
-2938
-938
-930
1648
-1905
3867
173
1782
-1104
1118
374
840
1386
1688
382
3090
