?
?
?
37
28
?
?
41
?
25
?
22
?
?
?
?
?
?
34
-37
13
13
-25
1
-56
