?
?
?
?
?
?
?
-113
2
?
?
?
?
-30
-22
?
?
2
72
-23
-26
-113
