1.0000000000 0.5000000000
3.0000000000 1.5000000000
3.0000000000 1.5000000000
5.0000000000 2.5000000000
5.0000000000 -2.5000000000
3.0000000000 -1.5000000000
3.0000000000 -1.5000000000
3.0000000000 -1.5000000000
