834 4238 4243 4244 4241 4240 4240 4242 4238 4244 4241 4235 4241 4243 4244 4244 4244 4243 4242 4243
