671 1347 1347 1349 1348 1349 1345 1349 1344 1343 1347 1348 1349 1349 1347 1349 1348 1348 1349 1349 1344 1344 1349 1349 1349 1347 1349 1343 1349 1347 1348 1347 1349 1349 1343 1347 1348 1347 1347 1348 1349 1345 1346 1342 1347 1345 1349 1349 1348 1349 1343 1349 1346 1348 1349 1349 1346 1346 1349 1345 1345 1347 1349 1348 1348 1349 1349 1349 1348 1341 1348 1347 1347 1346
