4087 5687 5687 5687 5687 5687 5686 5687 5687 5687 5687 5687 5687 5687 5687
