3808 5695 5720 5711 5643 5701 5726 5712 5713 5717 5694 5658 5725 5721 5695
