7837 9643 9653 9646 9641 9651 9651 9649 9655 9654
