320 715 699 731 714 726 737 726 719 735 709 731 688 736 735 720 716 691 699 697 730 698 723 687 713 710 702 733 714 703 736 693 680 710 710 738 710 724 703 727 706 730 735 732 726 693 697 693 735 712 733 728 710 708 686 737 733 733 737 735 720 738 732 729 716 713 730 722 726 729 705 727 737 705 720 733 717 707 727 738 737 729 732 713 733 725 724 708 717 734 697 714 734 704 719 733 718 734 729 726 725 735 737 735 736 702 731 701 720 733 735 736 738 737 699 700 729 732 714 733 726 734 719 738 737 733 736 734 716 708 720 723 727 702 737 731 716 738
