7195 8699 8699 8701 8700 8698 8701 8700 8695 8701
