174 623 620 616 621 613 605 619 613 619 612 622 619 617 609 622 612 608 621 622 615 622 602 622 611 582 618 613 623 620 614 603 610 618 620 614 623 623 622 619 620 623 623 617 622 617 608 617 619 622 622 619 622 622 619 615 622 622 622 622 610 619 620 612 621 607 615 612 618 621 618 610 596 597 621 612 618 621 609 598 622 622 622 623 614 621 619 620 619 615 611 610 623 613 614 619 622 623 623 622 617 605 604 615 621 623 621 610 615 623 621 610 608 621 606 622 617 620 622 621 614 611 609 619 620 593 623 618 622 622 610 600 622 612 620 621 619 607 622
