-542.5620686703 -146.8217873850
-387.7800893757 291.4988619450
