294.2810861169 -955.7189138831
955.7189138831 -294.2810861169
