-0.9682161791 -0.2501148347
0.9677237317 0.2520134502
