15: 0 1 2 3
23: 0 1 2 4
27: 0 1 3 4
29: 0 2 3 4
30: 1 2 3 4
39: 0 1 2 5
43: 0 1 3 5
45: 0 2 3 5
46: 1 2 3 5
51: 0 1 4 5
53: 0 2 4 5
54: 1 2 4 5
57: 0 3 4 5
58: 1 3 4 5
60: 2 3 4 5
71: 0 1 2 6
75: 0 1 3 6
77: 0 2 3 6
78: 1 2 3 6
83: 0 1 4 6
85: 0 2 4 6
86: 1 2 4 6
89: 0 3 4 6
90: 1 3 4 6
92: 2 3 4 6
99: 0 1 5 6
101: 0 2 5 6
102: 1 2 5 6
105: 0 3 5 6
106: 1 3 5 6
108: 2 3 5 6
113: 0 4 5 6
114: 1 4 5 6
116: 2 4 5 6
120: 3 4 5 6
135: 0 1 2 7
139: 0 1 3 7
141: 0 2 3 7
142: 1 2 3 7
147: 0 1 4 7
149: 0 2 4 7
150: 1 2 4 7
153: 0 3 4 7
154: 1 3 4 7
156: 2 3 4 7
163: 0 1 5 7
165: 0 2 5 7
166: 1 2 5 7
169: 0 3 5 7
170: 1 3 5 7
172: 2 3 5 7
177: 0 4 5 7
178: 1 4 5 7
180: 2 4 5 7
184: 3 4 5 7
195: 0 1 6 7
197: 0 2 6 7
198: 1 2 6 7
201: 0 3 6 7
202: 1 3 6 7
204: 2 3 6 7
209: 0 4 6 7
210: 1 4 6 7
212: 2 4 6 7
216: 3 4 6 7
225: 0 5 6 7
226: 1 5 6 7
228: 2 5 6 7
232: 3 5 6 7
240: 4 5 6 7
263: 0 1 2 8
267: 0 1 3 8
269: 0 2 3 8
270: 1 2 3 8
275: 0 1 4 8
277: 0 2 4 8
278: 1 2 4 8
281: 0 3 4 8
282: 1 3 4 8
284: 2 3 4 8
291: 0 1 5 8
293: 0 2 5 8
294: 1 2 5 8
297: 0 3 5 8
298: 1 3 5 8
300: 2 3 5 8
305: 0 4 5 8
306: 1 4 5 8
308: 2 4 5 8
312: 3 4 5 8
323: 0 1 6 8
325: 0 2 6 8
326: 1 2 6 8
329: 0 3 6 8
330: 1 3 6 8
332: 2 3 6 8
337: 0 4 6 8
338: 1 4 6 8
340: 2 4 6 8
344: 3 4 6 8
353: 0 5 6 8
354: 1 5 6 8
356: 2 5 6 8
360: 3 5 6 8
368: 4 5 6 8
387: 0 1 7 8
389: 0 2 7 8
390: 1 2 7 8
393: 0 3 7 8
394: 1 3 7 8
396: 2 3 7 8
401: 0 4 7 8
402: 1 4 7 8
404: 2 4 7 8
408: 3 4 7 8
417: 0 5 7 8
418: 1 5 7 8
420: 2 5 7 8
424: 3 5 7 8
432: 4 5 7 8
449: 0 6 7 8
450: 1 6 7 8
452: 2 6 7 8
456: 3 6 7 8
464: 4 6 7 8
480: 5 6 7 8
519: 0 1 2 9
523: 0 1 3 9
525: 0 2 3 9
526: 1 2 3 9
531: 0 1 4 9
533: 0 2 4 9
534: 1 2 4 9
537: 0 3 4 9
538: 1 3 4 9
540: 2 3 4 9
547: 0 1 5 9
549: 0 2 5 9
550: 1 2 5 9
553: 0 3 5 9
554: 1 3 5 9
556: 2 3 5 9
561: 0 4 5 9
562: 1 4 5 9
564: 2 4 5 9
568: 3 4 5 9
579: 0 1 6 9
581: 0 2 6 9
582: 1 2 6 9
585: 0 3 6 9
586: 1 3 6 9
588: 2 3 6 9
593: 0 4 6 9
594: 1 4 6 9
596: 2 4 6 9
600: 3 4 6 9
609: 0 5 6 9
610: 1 5 6 9
612: 2 5 6 9
616: 3 5 6 9
624: 4 5 6 9
643: 0 1 7 9
645: 0 2 7 9
646: 1 2 7 9
649: 0 3 7 9
650: 1 3 7 9
652: 2 3 7 9
657: 0 4 7 9
658: 1 4 7 9
660: 2 4 7 9
664: 3 4 7 9
673: 0 5 7 9
674: 1 5 7 9
676: 2 5 7 9
680: 3 5 7 9
688: 4 5 7 9
705: 0 6 7 9
706: 1 6 7 9
708: 2 6 7 9
712: 3 6 7 9
720: 4 6 7 9
736: 5 6 7 9
771: 0 1 8 9
773: 0 2 8 9
774: 1 2 8 9
777: 0 3 8 9
778: 1 3 8 9
780: 2 3 8 9
785: 0 4 8 9
786: 1 4 8 9
788: 2 4 8 9
792: 3 4 8 9
801: 0 5 8 9
802: 1 5 8 9
804: 2 5 8 9
808: 3 5 8 9
816: 4 5 8 9
833: 0 6 8 9
834: 1 6 8 9
836: 2 6 8 9
840: 3 6 8 9
848: 4 6 8 9
864: 5 6 8 9
897: 0 7 8 9
898: 1 7 8 9
900: 2 7 8 9
904: 3 7 8 9
912: 4 7 8 9
928: 5 7 8 9
960: 6 7 8 9
1031: 0 1 2 10
1035: 0 1 3 10
1037: 0 2 3 10
1038: 1 2 3 10
1043: 0 1 4 10
1045: 0 2 4 10
1046: 1 2 4 10
1049: 0 3 4 10
1050: 1 3 4 10
1052: 2 3 4 10
1059: 0 1 5 10
1061: 0 2 5 10
1062: 1 2 5 10
1065: 0 3 5 10
1066: 1 3 5 10
1068: 2 3 5 10
1073: 0 4 5 10
1074: 1 4 5 10
1076: 2 4 5 10
1080: 3 4 5 10
1091: 0 1 6 10
1093: 0 2 6 10
1094: 1 2 6 10
1097: 0 3 6 10
1098: 1 3 6 10
1100: 2 3 6 10
1105: 0 4 6 10
1106: 1 4 6 10
1108: 2 4 6 10
1112: 3 4 6 10
1121: 0 5 6 10
1122: 1 5 6 10
1124: 2 5 6 10
1128: 3 5 6 10
1136: 4 5 6 10
1155: 0 1 7 10
1157: 0 2 7 10
1158: 1 2 7 10
1161: 0 3 7 10
1162: 1 3 7 10
1164: 2 3 7 10
1169: 0 4 7 10
1170: 1 4 7 10
1172: 2 4 7 10
1176: 3 4 7 10
1185: 0 5 7 10
1186: 1 5 7 10
1188: 2 5 7 10
1192: 3 5 7 10
1200: 4 5 7 10
1217: 0 6 7 10
1218: 1 6 7 10
1220: 2 6 7 10
1224: 3 6 7 10
1232: 4 6 7 10
1248: 5 6 7 10
1283: 0 1 8 10
1285: 0 2 8 10
1286: 1 2 8 10
1289: 0 3 8 10
1290: 1 3 8 10
1292: 2 3 8 10
1297: 0 4 8 10
1298: 1 4 8 10
1300: 2 4 8 10
1304: 3 4 8 10
1313: 0 5 8 10
1314: 1 5 8 10
1316: 2 5 8 10
1320: 3 5 8 10
1328: 4 5 8 10
1345: 0 6 8 10
1346: 1 6 8 10
1348: 2 6 8 10
1352: 3 6 8 10
1360: 4 6 8 10
1376: 5 6 8 10
1409: 0 7 8 10
1410: 1 7 8 10
1412: 2 7 8 10
1416: 3 7 8 10
1424: 4 7 8 10
1440: 5 7 8 10
1472: 6 7 8 10
1539: 0 1 9 10
1541: 0 2 9 10
1542: 1 2 9 10
1545: 0 3 9 10
1546: 1 3 9 10
1548: 2 3 9 10
1553: 0 4 9 10
1554: 1 4 9 10
1556: 2 4 9 10
1560: 3 4 9 10
1569: 0 5 9 10
1570: 1 5 9 10
1572: 2 5 9 10
1576: 3 5 9 10
1584: 4 5 9 10
1601: 0 6 9 10
1602: 1 6 9 10
1604: 2 6 9 10
1608: 3 6 9 10
1616: 4 6 9 10
1632: 5 6 9 10
1665: 0 7 9 10
1666: 1 7 9 10
1668: 2 7 9 10
1672: 3 7 9 10
1680: 4 7 9 10
1696: 5 7 9 10
1728: 6 7 9 10
1793: 0 8 9 10
1794: 1 8 9 10
1796: 2 8 9 10
1800: 3 8 9 10
1808: 4 8 9 10
1824: 5 8 9 10
1856: 6 8 9 10
1920: 7 8 9 10
2055: 0 1 2 11
2059: 0 1 3 11
2061: 0 2 3 11
2062: 1 2 3 11
2067: 0 1 4 11
2069: 0 2 4 11
2070: 1 2 4 11
2073: 0 3 4 11
2074: 1 3 4 11
2076: 2 3 4 11
2083: 0 1 5 11
2085: 0 2 5 11
2086: 1 2 5 11
2089: 0 3 5 11
2090: 1 3 5 11
2092: 2 3 5 11
2097: 0 4 5 11
2098: 1 4 5 11
2100: 2 4 5 11
2104: 3 4 5 11
2115: 0 1 6 11
2117: 0 2 6 11
2118: 1 2 6 11
2121: 0 3 6 11
2122: 1 3 6 11
2124: 2 3 6 11
2129: 0 4 6 11
2130: 1 4 6 11
2132: 2 4 6 11
2136: 3 4 6 11
2145: 0 5 6 11
2146: 1 5 6 11
2148: 2 5 6 11
2152: 3 5 6 11
2160: 4 5 6 11
2179: 0 1 7 11
2181: 0 2 7 11
2182: 1 2 7 11
2185: 0 3 7 11
2186: 1 3 7 11
2188: 2 3 7 11
2193: 0 4 7 11
2194: 1 4 7 11
2196: 2 4 7 11
2200: 3 4 7 11
2209: 0 5 7 11
2210: 1 5 7 11
2212: 2 5 7 11
2216: 3 5 7 11
2224: 4 5 7 11
2241: 0 6 7 11
2242: 1 6 7 11
2244: 2 6 7 11
2248: 3 6 7 11
2256: 4 6 7 11
2272: 5 6 7 11
2307: 0 1 8 11
2309: 0 2 8 11
2310: 1 2 8 11
2313: 0 3 8 11
2314: 1 3 8 11
2316: 2 3 8 11
2321: 0 4 8 11
2322: 1 4 8 11
2324: 2 4 8 11
2328: 3 4 8 11
2337: 0 5 8 11
2338: 1 5 8 11
2340: 2 5 8 11
2344: 3 5 8 11
2352: 4 5 8 11
2369: 0 6 8 11
2370: 1 6 8 11
2372: 2 6 8 11
2376: 3 6 8 11
2384: 4 6 8 11
2400: 5 6 8 11
2433: 0 7 8 11
2434: 1 7 8 11
2436: 2 7 8 11
2440: 3 7 8 11
2448: 4 7 8 11
2464: 5 7 8 11
2496: 6 7 8 11
2563: 0 1 9 11
2565: 0 2 9 11
2566: 1 2 9 11
2569: 0 3 9 11
2570: 1 3 9 11
2572: 2 3 9 11
2577: 0 4 9 11
2578: 1 4 9 11
2580: 2 4 9 11
2584: 3 4 9 11
2593: 0 5 9 11
2594: 1 5 9 11
2596: 2 5 9 11
2600: 3 5 9 11
2608: 4 5 9 11
2625: 0 6 9 11
2626: 1 6 9 11
2628: 2 6 9 11
2632: 3 6 9 11
2640: 4 6 9 11
2656: 5 6 9 11
2689: 0 7 9 11
2690: 1 7 9 11
2692: 2 7 9 11
2696: 3 7 9 11
2704: 4 7 9 11
2720: 5 7 9 11
2752: 6 7 9 11
2817: 0 8 9 11
2818: 1 8 9 11
2820: 2 8 9 11
2824: 3 8 9 11
2832: 4 8 9 11
2848: 5 8 9 11
2880: 6 8 9 11
2944: 7 8 9 11
3075: 0 1 10 11
3077: 0 2 10 11
3078: 1 2 10 11
3081: 0 3 10 11
3082: 1 3 10 11
3084: 2 3 10 11
3089: 0 4 10 11
3090: 1 4 10 11
3092: 2 4 10 11
3096: 3 4 10 11
3105: 0 5 10 11
3106: 1 5 10 11
3108: 2 5 10 11
3112: 3 5 10 11
3120: 4 5 10 11
3137: 0 6 10 11
3138: 1 6 10 11
3140: 2 6 10 11
3144: 3 6 10 11
3152: 4 6 10 11
3168: 5 6 10 11
3201: 0 7 10 11
3202: 1 7 10 11
3204: 2 7 10 11
3208: 3 7 10 11
3216: 4 7 10 11
3232: 5 7 10 11
3264: 6 7 10 11
3329: 0 8 10 11
3330: 1 8 10 11
3332: 2 8 10 11
3336: 3 8 10 11
3344: 4 8 10 11
3360: 5 8 10 11
3392: 6 8 10 11
3456: 7 8 10 11
3585: 0 9 10 11
3586: 1 9 10 11
3588: 2 9 10 11
3592: 3 9 10 11
3600: 4 9 10 11
3616: 5 9 10 11
3648: 6 9 10 11
3712: 7 9 10 11
3840: 8 9 10 11
4103: 0 1 2 12
4107: 0 1 3 12
4109: 0 2 3 12
4110: 1 2 3 12
4115: 0 1 4 12
4117: 0 2 4 12
4118: 1 2 4 12
4121: 0 3 4 12
4122: 1 3 4 12
4124: 2 3 4 12
4131: 0 1 5 12
4133: 0 2 5 12
4134: 1 2 5 12
4137: 0 3 5 12
4138: 1 3 5 12
4140: 2 3 5 12
4145: 0 4 5 12
4146: 1 4 5 12
4148: 2 4 5 12
4152: 3 4 5 12
4163: 0 1 6 12
4165: 0 2 6 12
4166: 1 2 6 12
4169: 0 3 6 12
4170: 1 3 6 12
4172: 2 3 6 12
4177: 0 4 6 12
4178: 1 4 6 12
4180: 2 4 6 12
4184: 3 4 6 12
4193: 0 5 6 12
4194: 1 5 6 12
4196: 2 5 6 12
4200: 3 5 6 12
4208: 4 5 6 12
4227: 0 1 7 12
4229: 0 2 7 12
4230: 1 2 7 12
4233: 0 3 7 12
4234: 1 3 7 12
4236: 2 3 7 12
4241: 0 4 7 12
4242: 1 4 7 12
4244: 2 4 7 12
4248: 3 4 7 12
4257: 0 5 7 12
4258: 1 5 7 12
4260: 2 5 7 12
4264: 3 5 7 12
4272: 4 5 7 12
4289: 0 6 7 12
4290: 1 6 7 12
4292: 2 6 7 12
4296: 3 6 7 12
4304: 4 6 7 12
4320: 5 6 7 12
4355: 0 1 8 12
4357: 0 2 8 12
4358: 1 2 8 12
4361: 0 3 8 12
4362: 1 3 8 12
4364: 2 3 8 12
4369: 0 4 8 12
4370: 1 4 8 12
4372: 2 4 8 12
4376: 3 4 8 12
4385: 0 5 8 12
4386: 1 5 8 12
4388: 2 5 8 12
4392: 3 5 8 12
4400: 4 5 8 12
4417: 0 6 8 12
4418: 1 6 8 12
4420: 2 6 8 12
4424: 3 6 8 12
4432: 4 6 8 12
4448: 5 6 8 12
4481: 0 7 8 12
4482: 1 7 8 12
4484: 2 7 8 12
4488: 3 7 8 12
4496: 4 7 8 12
4512: 5 7 8 12
4544: 6 7 8 12
4611: 0 1 9 12
4613: 0 2 9 12
4614: 1 2 9 12
4617: 0 3 9 12
4618: 1 3 9 12
4620: 2 3 9 12
4625: 0 4 9 12
4626: 1 4 9 12
4628: 2 4 9 12
4632: 3 4 9 12
4641: 0 5 9 12
4642: 1 5 9 12
4644: 2 5 9 12
4648: 3 5 9 12
4656: 4 5 9 12
4673: 0 6 9 12
4674: 1 6 9 12
4676: 2 6 9 12
4680: 3 6 9 12
4688: 4 6 9 12
4704: 5 6 9 12
4737: 0 7 9 12
4738: 1 7 9 12
4740: 2 7 9 12
4744: 3 7 9 12
4752: 4 7 9 12
4768: 5 7 9 12
4800: 6 7 9 12
4865: 0 8 9 12
4866: 1 8 9 12
4868: 2 8 9 12
4872: 3 8 9 12
4880: 4 8 9 12
4896: 5 8 9 12
4928: 6 8 9 12
4992: 7 8 9 12
5123: 0 1 10 12
5125: 0 2 10 12
5126: 1 2 10 12
5129: 0 3 10 12
5130: 1 3 10 12
5132: 2 3 10 12
5137: 0 4 10 12
5138: 1 4 10 12
5140: 2 4 10 12
5144: 3 4 10 12
5153: 0 5 10 12
5154: 1 5 10 12
5156: 2 5 10 12
5160: 3 5 10 12
5168: 4 5 10 12
5185: 0 6 10 12
5186: 1 6 10 12
5188: 2 6 10 12
5192: 3 6 10 12
5200: 4 6 10 12
5216: 5 6 10 12
5249: 0 7 10 12
5250: 1 7 10 12
5252: 2 7 10 12
5256: 3 7 10 12
5264: 4 7 10 12
5280: 5 7 10 12
5312: 6 7 10 12
5377: 0 8 10 12
5378: 1 8 10 12
5380: 2 8 10 12
5384: 3 8 10 12
5392: 4 8 10 12
5408: 5 8 10 12
5440: 6 8 10 12
5504: 7 8 10 12
5633: 0 9 10 12
5634: 1 9 10 12
5636: 2 9 10 12
5640: 3 9 10 12
5648: 4 9 10 12
5664: 5 9 10 12
5696: 6 9 10 12
5760: 7 9 10 12
5888: 8 9 10 12
6147: 0 1 11 12
6149: 0 2 11 12
6150: 1 2 11 12
6153: 0 3 11 12
6154: 1 3 11 12
6156: 2 3 11 12
6161: 0 4 11 12
6162: 1 4 11 12
6164: 2 4 11 12
6168: 3 4 11 12
6177: 0 5 11 12
6178: 1 5 11 12
6180: 2 5 11 12
6184: 3 5 11 12
6192: 4 5 11 12
6209: 0 6 11 12
6210: 1 6 11 12
6212: 2 6 11 12
6216: 3 6 11 12
6224: 4 6 11 12
6240: 5 6 11 12
6273: 0 7 11 12
6274: 1 7 11 12
6276: 2 7 11 12
6280: 3 7 11 12
6288: 4 7 11 12
6304: 5 7 11 12
6336: 6 7 11 12
6401: 0 8 11 12
6402: 1 8 11 12
6404: 2 8 11 12
6408: 3 8 11 12
6416: 4 8 11 12
6432: 5 8 11 12
6464: 6 8 11 12
6528: 7 8 11 12
6657: 0 9 11 12
6658: 1 9 11 12
6660: 2 9 11 12
6664: 3 9 11 12
6672: 4 9 11 12
6688: 5 9 11 12
6720: 6 9 11 12
6784: 7 9 11 12
6912: 8 9 11 12
7169: 0 10 11 12
7170: 1 10 11 12
7172: 2 10 11 12
7176: 3 10 11 12
7184: 4 10 11 12
7200: 5 10 11 12
7232: 6 10 11 12
7296: 7 10 11 12
7424: 8 10 11 12
7680: 9 10 11 12
