0 1
1 2
1 3
1 4
2 5
2 6
3 7
6 9
8 11
8 12
11 16
12 17
