0 4
1 5
2 6
3 7
4 8
5 9
6 10
7 11
8 12
11 15
12 13
14 15
