ONLINE_FRONT
ONLINE_BACK
ONLINE_BACK
ONLINE_BACK
ONLINE_BACK
ONLINE_BACK
ONLINE_FRONT
ONLINE_BACK
ONLINE_BACK
ONLINE_BACK
ONLINE_FRONT
ONLINE_BACK
ONLINE_FRONT
ONLINE_FRONT
ONLINE_BACK
ONLINE_FRONT
ONLINE_BACK
ONLINE_BACK
ONLINE_BACK
ONLINE_BACK
ONLINE_FRONT
ONLINE_FRONT
ONLINE_FRONT
ONLINE_BACK
ONLINE_FRONT
ONLINE_BACK
ONLINE_FRONT
ONLINE_BACK
ONLINE_BACK
ONLINE_BACK
ONLINE_FRONT
ONLINE_FRONT
ONLINE_BACK
ONLINE_BACK
ONLINE_BACK
ONLINE_BACK
ONLINE_BACK
ONLINE_BACK
ONLINE_FRONT
ONLINE_FRONT
ONLINE_FRONT
ONLINE_BACK
ONLINE_FRONT
ONLINE_FRONT
ONLINE_BACK
ONLINE_BACK
ONLINE_BACK
ONLINE_BACK
ONLINE_BACK
ONLINE_FRONT
ONLINE_FRONT
ONLINE_BACK
ONLINE_BACK
ONLINE_BACK
ONLINE_BACK
ONLINE_BACK
ONLINE_BACK
ONLINE_FRONT
ONLINE_FRONT
ONLINE_BACK
ONLINE_BACK
ONLINE_FRONT
ONLINE_BACK
ONLINE_FRONT
ONLINE_BACK
ONLINE_FRONT
ONLINE_FRONT
ONLINE_BACK
ONLINE_BACK
ONLINE_FRONT
ONLINE_BACK
ONLINE_BACK
ONLINE_BACK
ONLINE_BACK
ONLINE_BACK
ONLINE_FRONT
ONLINE_FRONT
ONLINE_BACK
ONLINE_BACK
ONLINE_BACK
ONLINE_BACK
ONLINE_BACK
ONLINE_BACK
ONLINE_BACK
ONLINE_BACK
ONLINE_FRONT
ONLINE_FRONT
ONLINE_BACK
ONLINE_FRONT
ONLINE_FRONT
ONLINE_BACK
ONLINE_FRONT
ONLINE_FRONT
ONLINE_BACK
ONLINE_FRONT
ONLINE_FRONT
ONLINE_FRONT
ONLINE_BACK
ONLINE_BACK
ONLINE_BACK
ONLINE_BACK
ONLINE_FRONT
ONLINE_FRONT
ONLINE_BACK
ONLINE_FRONT
ONLINE_FRONT
ONLINE_BACK
ONLINE_FRONT
ONLINE_FRONT
ONLINE_FRONT
ONLINE_FRONT
ONLINE_BACK
ONLINE_FRONT
ONLINE_BACK
ONLINE_FRONT
ONLINE_BACK
ONLINE_BACK
ONLINE_FRONT
ONLINE_FRONT
ONLINE_BACK
ONLINE_BACK
ONLINE_BACK
ONLINE_BACK
ONLINE_FRONT
ONLINE_FRONT
ONLINE_FRONT
ONLINE_BACK
ONLINE_BACK
ONLINE_FRONT
ONLINE_BACK
ONLINE_BACK
ONLINE_FRONT
ONLINE_BACK
ONLINE_BACK
ONLINE_FRONT
ONLINE_BACK
ONLINE_BACK
ONLINE_BACK
ONLINE_FRONT
ONLINE_BACK
ONLINE_FRONT
ONLINE_BACK
ONLINE_FRONT
ONLINE_FRONT
ONLINE_BACK
ONLINE_FRONT
ONLINE_FRONT
ONLINE_BACK
ONLINE_BACK
ONLINE_BACK
ONLINE_BACK
ONLINE_BACK
ONLINE_FRONT
ONLINE_BACK
ONLINE_BACK
ONLINE_BACK
ONLINE_FRONT
ONLINE_FRONT
ONLINE_FRONT
ONLINE_BACK
ONLINE_BACK
ONLINE_BACK
ONLINE_FRONT
ONLINE_BACK
ONLINE_FRONT
ONLINE_BACK
ONLINE_FRONT
ONLINE_FRONT
ONLINE_BACK
ONLINE_FRONT
ONLINE_FRONT
ONLINE_FRONT
ONLINE_FRONT
ONLINE_FRONT
ONLINE_BACK
ONLINE_BACK
ONLINE_BACK
ONLINE_FRONT
ONLINE_FRONT
ONLINE_BACK
ONLINE_BACK
ONLINE_BACK
ONLINE_FRONT
ONLINE_BACK
ONLINE_BACK
ONLINE_BACK
ONLINE_BACK
ONLINE_FRONT
ONLINE_FRONT
ONLINE_FRONT
ONLINE_BACK
ONLINE_FRONT
ONLINE_BACK
ONLINE_BACK
ONLINE_FRONT
ONLINE_FRONT
ONLINE_FRONT
ONLINE_BACK
ONLINE_FRONT
ONLINE_FRONT
ONLINE_FRONT
ONLINE_BACK
ONLINE_FRONT
ONLINE_BACK
ONLINE_BACK
ONLINE_FRONT
ONLINE_BACK
ONLINE_FRONT
ONLINE_FRONT
ONLINE_BACK
ONLINE_FRONT
ONLINE_BACK
ONLINE_BACK
ONLINE_FRONT
ONLINE_FRONT
ONLINE_FRONT
ONLINE_BACK
ONLINE_BACK
ONLINE_FRONT
ONLINE_BACK
ONLINE_BACK
ONLINE_FRONT
ONLINE_FRONT
ONLINE_BACK
ONLINE_FRONT
ONLINE_BACK
ONLINE_BACK
ONLINE_FRONT
ONLINE_FRONT
ONLINE_FRONT
ONLINE_FRONT
ONLINE_BACK
ONLINE_BACK
ONLINE_FRONT
ONLINE_BACK
ONLINE_BACK
ONLINE_FRONT
ONLINE_FRONT
ONLINE_BACK
ONLINE_BACK
ONLINE_FRONT
ONLINE_BACK
ONLINE_FRONT
ONLINE_BACK
ONLINE_FRONT
ONLINE_FRONT
ONLINE_FRONT
ONLINE_FRONT
ONLINE_FRONT
ONLINE_FRONT
ONLINE_FRONT
ONLINE_BACK
ONLINE_FRONT
ONLINE_BACK
ONLINE_BACK
ONLINE_FRONT
ONLINE_BACK
ONLINE_BACK
ONLINE_FRONT
ONLINE_BACK
ONLINE_FRONT
ONLINE_FRONT
ONLINE_BACK
ONLINE_BACK
ONLINE_FRONT
ONLINE_BACK
ONLINE_BACK
ONLINE_FRONT
ONLINE_BACK
ONLINE_FRONT
ONLINE_FRONT
ONLINE_BACK
ONLINE_FRONT
ONLINE_BACK
ONLINE_FRONT
ONLINE_FRONT
ONLINE_FRONT
ONLINE_BACK
ONLINE_BACK
ONLINE_FRONT
ONLINE_FRONT
ONLINE_FRONT
ONLINE_BACK
ONLINE_BACK
ONLINE_BACK
ONLINE_FRONT
ONLINE_BACK
ONLINE_FRONT
ONLINE_FRONT
ONLINE_FRONT
ONLINE_FRONT
ONLINE_FRONT
ONLINE_FRONT
ONLINE_FRONT
ONLINE_BACK
ONLINE_FRONT
ONLINE_BACK
ONLINE_BACK
ONLINE_BACK
ONLINE_BACK
ONLINE_FRONT
ONLINE_BACK
ONLINE_BACK
ONLINE_BACK
ONLINE_FRONT
ONLINE_BACK
ONLINE_FRONT
ONLINE_BACK
ONLINE_BACK
ONLINE_FRONT
ONLINE_BACK
ONLINE_FRONT
ONLINE_FRONT
ONLINE_BACK
ONLINE_FRONT
ONLINE_BACK
ONLINE_FRONT
ONLINE_FRONT
ONLINE_BACK
ONLINE_BACK
ONLINE_FRONT
ONLINE_FRONT
ONLINE_FRONT
ONLINE_BACK
ONLINE_BACK
ONLINE_FRONT
ONLINE_BACK
ONLINE_FRONT
ONLINE_BACK
ONLINE_BACK
ONLINE_BACK
ONLINE_FRONT
ONLINE_FRONT
ONLINE_BACK
ONLINE_BACK
ONLINE_BACK
ONLINE_FRONT
ONLINE_FRONT
ONLINE_FRONT
ONLINE_BACK
ONLINE_FRONT
ONLINE_BACK
ONLINE_FRONT
ONLINE_FRONT
ONLINE_FRONT
ONLINE_FRONT
ONLINE_BACK
ONLINE_BACK
ONLINE_FRONT
ONLINE_BACK
ONLINE_BACK
ONLINE_FRONT
ONLINE_FRONT
ONLINE_FRONT
ONLINE_FRONT
ONLINE_FRONT
ONLINE_BACK
ONLINE_BACK
ONLINE_BACK
ONLINE_FRONT
ONLINE_BACK
ONLINE_BACK
ONLINE_BACK
ONLINE_FRONT
ONLINE_FRONT
ONLINE_BACK
ONLINE_FRONT
ONLINE_BACK
ONLINE_BACK
ONLINE_FRONT
ONLINE_FRONT
ONLINE_FRONT
ONLINE_BACK
ONLINE_BACK
ONLINE_FRONT
ONLINE_BACK
ONLINE_FRONT
ONLINE_BACK
ONLINE_BACK
ONLINE_BACK
ONLINE_FRONT
ONLINE_FRONT
ONLINE_BACK
ONLINE_BACK
ONLINE_BACK
ONLINE_BACK
ONLINE_BACK
ONLINE_FRONT
ONLINE_FRONT
ONLINE_FRONT
ONLINE_BACK
ONLINE_BACK
ONLINE_BACK
ONLINE_FRONT
ONLINE_BACK
ONLINE_BACK
ONLINE_FRONT
ONLINE_FRONT
ONLINE_BACK
ONLINE_BACK
ONLINE_FRONT
ONLINE_BACK
ONLINE_BACK
ONLINE_BACK
ONLINE_FRONT
ONLINE_FRONT
ONLINE_FRONT
ONLINE_FRONT
ONLINE_FRONT
ONLINE_BACK
ONLINE_BACK
ONLINE_BACK
ONLINE_BACK
ONLINE_BACK
ONLINE_BACK
ONLINE_FRONT
ONLINE_FRONT
ONLINE_FRONT
ONLINE_FRONT
ONLINE_BACK
ONLINE_BACK
ONLINE_FRONT
ONLINE_FRONT
ONLINE_FRONT
ONLINE_BACK
ONLINE_BACK
ONLINE_FRONT
ONLINE_FRONT
ONLINE_BACK
ONLINE_FRONT
ONLINE_FRONT
ONLINE_BACK
ONLINE_FRONT
ONLINE_FRONT
ONLINE_BACK
ONLINE_FRONT
ONLINE_BACK
ONLINE_FRONT
ONLINE_FRONT
ONLINE_FRONT
ONLINE_FRONT
ONLINE_BACK
ONLINE_BACK
ONLINE_FRONT
ONLINE_FRONT
ONLINE_FRONT
ONLINE_FRONT
ONLINE_FRONT
ONLINE_BACK
ONLINE_FRONT
ONLINE_FRONT
ONLINE_BACK
ONLINE_BACK
ONLINE_BACK
ONLINE_FRONT
ONLINE_BACK
ONLINE_BACK
ONLINE_BACK
ONLINE_FRONT
ONLINE_FRONT
ONLINE_FRONT
ONLINE_FRONT
ONLINE_BACK
ONLINE_FRONT
ONLINE_BACK
ONLINE_FRONT
ONLINE_BACK
ONLINE_BACK
ONLINE_BACK
ONLINE_BACK
ONLINE_BACK
ONLINE_FRONT
ONLINE_BACK
ONLINE_BACK
ONLINE_FRONT
ONLINE_FRONT
ONLINE_BACK
ONLINE_BACK
ONLINE_BACK
ONLINE_BACK
ONLINE_BACK
ONLINE_BACK
ONLINE_FRONT
ONLINE_BACK
ONLINE_FRONT
ONLINE_FRONT
ONLINE_BACK
ONLINE_BACK
ONLINE_BACK
ONLINE_FRONT
ONLINE_BACK
ONLINE_FRONT
ONLINE_BACK
ONLINE_BACK
ONLINE_FRONT
ONLINE_FRONT
ONLINE_BACK
ONLINE_BACK
ONLINE_BACK
ONLINE_FRONT
ONLINE_BACK
ONLINE_FRONT
ONLINE_BACK
ONLINE_BACK
ONLINE_BACK
ONLINE_BACK
ONLINE_BACK
ONLINE_BACK
ONLINE_FRONT
ONLINE_BACK
ONLINE_BACK
ONLINE_BACK
ONLINE_BACK
ONLINE_FRONT
ONLINE_BACK
ONLINE_BACK
ON_SEGMENT
ONLINE_FRONT
ONLINE_BACK
ONLINE_BACK
ONLINE_FRONT
ONLINE_BACK
ONLINE_BACK
ONLINE_BACK
ONLINE_FRONT
ONLINE_FRONT
ONLINE_BACK
ONLINE_BACK
ONLINE_BACK
ONLINE_FRONT
ONLINE_FRONT
ONLINE_FRONT
ONLINE_BACK
ONLINE_BACK
ONLINE_BACK
ONLINE_FRONT
ONLINE_FRONT
ONLINE_FRONT
ONLINE_FRONT
ONLINE_FRONT
ONLINE_BACK
ONLINE_BACK
ONLINE_FRONT
ONLINE_FRONT
ONLINE_BACK
ONLINE_BACK
ONLINE_FRONT
ONLINE_BACK
ONLINE_BACK
ONLINE_BACK
ONLINE_FRONT
ONLINE_BACK
ONLINE_BACK
ONLINE_BACK
ONLINE_BACK
ONLINE_FRONT
ONLINE_FRONT
ONLINE_FRONT
ONLINE_BACK
ONLINE_BACK
ONLINE_FRONT
ONLINE_BACK
ONLINE_BACK
ONLINE_FRONT
ONLINE_BACK
ONLINE_FRONT
ONLINE_BACK
ONLINE_BACK
ONLINE_BACK
ONLINE_BACK
ONLINE_FRONT
ONLINE_BACK
ONLINE_FRONT
ONLINE_BACK
ONLINE_BACK
ONLINE_FRONT
ONLINE_BACK
ONLINE_FRONT
ONLINE_BACK
ONLINE_BACK
ONLINE_FRONT
ONLINE_BACK
ONLINE_BACK
ONLINE_FRONT
ONLINE_FRONT
ONLINE_BACK
ONLINE_BACK
ONLINE_BACK
ONLINE_FRONT
ONLINE_BACK
ONLINE_FRONT
ONLINE_FRONT
ONLINE_FRONT
ONLINE_BACK
ONLINE_BACK
ONLINE_BACK
ONLINE_FRONT
ONLINE_FRONT
ONLINE_FRONT
ONLINE_BACK
ONLINE_BACK
ONLINE_FRONT
ONLINE_BACK
ONLINE_FRONT
ONLINE_FRONT
ONLINE_BACK
ONLINE_BACK
ONLINE_FRONT
ONLINE_BACK
ONLINE_BACK
ONLINE_BACK
ONLINE_FRONT
ONLINE_FRONT
ONLINE_FRONT
ONLINE_FRONT
ONLINE_BACK
ONLINE_FRONT
ONLINE_BACK
ONLINE_BACK
ONLINE_BACK
ONLINE_BACK
ONLINE_BACK
ONLINE_BACK
ONLINE_FRONT
ONLINE_FRONT
ONLINE_BACK
ONLINE_FRONT
ONLINE_FRONT
ONLINE_BACK
ONLINE_FRONT
ONLINE_BACK
ONLINE_FRONT
ONLINE_FRONT
ONLINE_BACK
ONLINE_BACK
ONLINE_BACK
ONLINE_FRONT
ONLINE_BACK
ONLINE_FRONT
ONLINE_FRONT
ONLINE_BACK
ONLINE_BACK
ONLINE_FRONT
ONLINE_BACK
ONLINE_FRONT
ONLINE_FRONT
ONLINE_BACK
ONLINE_FRONT
ONLINE_BACK
ONLINE_BACK
ONLINE_BACK
ONLINE_BACK
ONLINE_BACK
ONLINE_BACK
ONLINE_FRONT
ONLINE_BACK
ONLINE_BACK
ONLINE_BACK
ONLINE_FRONT
ONLINE_FRONT
ONLINE_BACK
ONLINE_BACK
ONLINE_BACK
ONLINE_BACK
ONLINE_FRONT
ONLINE_FRONT
ONLINE_FRONT
ONLINE_FRONT
ONLINE_FRONT
ONLINE_FRONT
ONLINE_FRONT
ONLINE_FRONT
ONLINE_BACK
ONLINE_FRONT
ONLINE_BACK
ONLINE_FRONT
ONLINE_BACK
ONLINE_FRONT
ONLINE_BACK
ONLINE_FRONT
ONLINE_BACK
ONLINE_BACK
ONLINE_BACK
ONLINE_FRONT
ONLINE_BACK
ONLINE_BACK
ONLINE_FRONT
ONLINE_FRONT
ONLINE_FRONT
ONLINE_FRONT
ONLINE_FRONT
ONLINE_FRONT
ONLINE_FRONT
ONLINE_FRONT
ONLINE_FRONT
ONLINE_BACK
ONLINE_FRONT
ONLINE_BACK
ONLINE_FRONT
ONLINE_FRONT
ONLINE_FRONT
ONLINE_FRONT
ONLINE_BACK
ONLINE_BACK
ONLINE_BACK
ONLINE_BACK
ONLINE_FRONT
ONLINE_BACK
ONLINE_FRONT
ONLINE_BACK
ONLINE_BACK
ONLINE_FRONT
ONLINE_FRONT
ONLINE_BACK
ONLINE_BACK
ONLINE_FRONT
ONLINE_FRONT
ONLINE_BACK
ONLINE_BACK
ONLINE_BACK
ONLINE_FRONT
ONLINE_BACK
ONLINE_FRONT
ONLINE_FRONT
ONLINE_BACK
ONLINE_FRONT
ONLINE_FRONT
ONLINE_FRONT
ONLINE_FRONT
ONLINE_BACK
ONLINE_FRONT
ONLINE_FRONT
ONLINE_FRONT
ONLINE_BACK
ONLINE_FRONT
ONLINE_FRONT
ONLINE_BACK
ONLINE_FRONT
ONLINE_FRONT
ONLINE_BACK
ONLINE_BACK
ONLINE_FRONT
ONLINE_BACK
ONLINE_FRONT
ONLINE_FRONT
ONLINE_FRONT
ONLINE_FRONT
ONLINE_FRONT
ONLINE_BACK
ONLINE_FRONT
ONLINE_BACK
ONLINE_BACK
ONLINE_FRONT
ONLINE_FRONT
ONLINE_FRONT
ONLINE_BACK
ONLINE_BACK
ONLINE_FRONT
ONLINE_FRONT
ONLINE_FRONT
ONLINE_FRONT
ONLINE_BACK
ONLINE_FRONT
ONLINE_BACK
ONLINE_BACK
ONLINE_BACK
ONLINE_BACK
ONLINE_FRONT
ONLINE_FRONT
ONLINE_FRONT
ONLINE_FRONT
ONLINE_FRONT
ONLINE_FRONT
ONLINE_BACK
ONLINE_FRONT
ONLINE_FRONT
ONLINE_FRONT
ONLINE_FRONT
ONLINE_BACK
ONLINE_FRONT
ONLINE_FRONT
ONLINE_BACK
ONLINE_BACK
ONLINE_BACK
ONLINE_FRONT
ONLINE_BACK
ONLINE_BACK
ONLINE_FRONT
ONLINE_BACK
ONLINE_FRONT
ONLINE_BACK
ONLINE_BACK
ONLINE_BACK
ONLINE_FRONT
ONLINE_BACK
ONLINE_BACK
ONLINE_FRONT
ONLINE_FRONT
ONLINE_FRONT
ONLINE_FRONT
ONLINE_FRONT
ONLINE_BACK
ONLINE_BACK
ONLINE_FRONT
ONLINE_FRONT
ONLINE_FRONT
ONLINE_BACK
ONLINE_BACK
ONLINE_BACK
ONLINE_FRONT
ONLINE_FRONT
ONLINE_BACK
ONLINE_FRONT
ONLINE_FRONT
ONLINE_BACK
ONLINE_FRONT
ONLINE_FRONT
ONLINE_FRONT
ONLINE_FRONT
ONLINE_BACK
ONLINE_BACK
ONLINE_BACK
ONLINE_FRONT
ONLINE_BACK
ONLINE_FRONT
ONLINE_FRONT
ONLINE_BACK
ONLINE_FRONT
ONLINE_BACK
ONLINE_BACK
ONLINE_BACK
ONLINE_FRONT
ONLINE_BACK
ONLINE_BACK
ONLINE_FRONT
ONLINE_BACK
ONLINE_BACK
ONLINE_FRONT
ONLINE_BACK
ONLINE_BACK
ONLINE_FRONT
ONLINE_BACK
ONLINE_BACK
ONLINE_BACK
ONLINE_FRONT
ONLINE_FRONT
ONLINE_BACK
ONLINE_BACK
ONLINE_BACK
ONLINE_FRONT
ONLINE_BACK
ONLINE_FRONT
ONLINE_BACK
ONLINE_FRONT
ONLINE_BACK
ONLINE_BACK
ONLINE_FRONT
ONLINE_FRONT
ONLINE_FRONT
ONLINE_BACK
ONLINE_FRONT
ONLINE_FRONT
ONLINE_BACK
ONLINE_FRONT
ONLINE_FRONT
ONLINE_BACK
ONLINE_BACK
ONLINE_FRONT
ONLINE_FRONT
ONLINE_BACK
ONLINE_BACK
ONLINE_FRONT
ONLINE_BACK
ONLINE_FRONT
ONLINE_FRONT
ONLINE_BACK
ONLINE_BACK
ONLINE_BACK
ONLINE_BACK
ONLINE_FRONT
ONLINE_BACK
ONLINE_FRONT
ONLINE_FRONT
ONLINE_BACK
ONLINE_FRONT
ONLINE_BACK
ONLINE_FRONT
ONLINE_FRONT
ONLINE_BACK
ONLINE_BACK
ONLINE_BACK
ONLINE_FRONT
ONLINE_BACK
ONLINE_FRONT
ONLINE_BACK
ONLINE_FRONT
ONLINE_FRONT
ONLINE_BACK
ONLINE_BACK
ONLINE_FRONT
ONLINE_FRONT
ONLINE_BACK
ONLINE_FRONT
ONLINE_FRONT
ONLINE_FRONT
ONLINE_BACK
ONLINE_BACK
ONLINE_BACK
ONLINE_FRONT
ONLINE_FRONT
ONLINE_BACK
ONLINE_FRONT
ONLINE_FRONT
ONLINE_BACK
ONLINE_FRONT
ONLINE_BACK
ONLINE_FRONT
ONLINE_BACK
ONLINE_BACK
ONLINE_BACK
ONLINE_BACK
ONLINE_BACK
ONLINE_BACK
ONLINE_FRONT
ONLINE_FRONT
ONLINE_FRONT
ONLINE_FRONT
ONLINE_FRONT
ONLINE_BACK
ONLINE_BACK
ONLINE_FRONT
ONLINE_BACK
ONLINE_FRONT
ONLINE_FRONT
ONLINE_BACK
ONLINE_FRONT
ONLINE_BACK
ONLINE_BACK
ONLINE_BACK
ONLINE_FRONT
ONLINE_FRONT
ONLINE_BACK
ONLINE_BACK
ONLINE_BACK
ONLINE_BACK
ONLINE_BACK
ONLINE_BACK
ONLINE_FRONT
ONLINE_FRONT
ONLINE_BACK
ONLINE_FRONT
ONLINE_FRONT
ONLINE_BACK
ONLINE_FRONT
ONLINE_BACK
ONLINE_FRONT
ONLINE_FRONT
ONLINE_BACK
ONLINE_BACK
ONLINE_BACK
ONLINE_FRONT
ONLINE_BACK
ONLINE_FRONT
ONLINE_BACK
ONLINE_BACK
ONLINE_FRONT
ONLINE_FRONT
ONLINE_BACK
ONLINE_FRONT
ONLINE_FRONT
ONLINE_FRONT
ONLINE_FRONT
ONLINE_FRONT
ONLINE_BACK
ONLINE_BACK
ONLINE_BACK
ONLINE_BACK
ONLINE_FRONT
ONLINE_FRONT
ONLINE_BACK
ONLINE_BACK
ONLINE_BACK
ONLINE_BACK
ONLINE_BACK
ONLINE_FRONT
ONLINE_BACK
ONLINE_BACK
ONLINE_FRONT
ONLINE_FRONT
ONLINE_BACK
ONLINE_BACK
ONLINE_FRONT
ONLINE_FRONT
ONLINE_BACK
ONLINE_FRONT
ONLINE_BACK
ONLINE_BACK
ONLINE_BACK
ONLINE_FRONT
ONLINE_FRONT
