48.7647413609
8.0000000000
42.1422453394
32.5115501316
62.8917041826
47.5184174821
73.2775519209
49.0917508345
32.0156211872
35.4400902933
30.0407259511
71.7435657265
91.3016976841
34.6554469023
31.0644491340
40.8583760880
56.0357029045
10.2956301410
25.4950975680
90.2496537389
91.1852064126
6.0000000000
76.6000950144
42.0594816896
54.1294744109
45.3100430368
2.2360679775
25.2388589282
73.2203241368
41.7731971484
79.0569415042
42.0594816896
62.1288982680
31.9530906173
65.6297537633
75.5028413048
80.5232885568
42.0000269338
49.1866087739
63.0000000000
89.6270048590
10.0000000000
90.3341395261
34.0147027034
9.0000000000
55.2268050859
41.0813826447
24.3515913238
31.2972972973
55.2177507691
