0 INF -226 INF -419 -41 -558 INF -215 INF INF INF INF -675 -836 INF INF -707 -211 -713 -112 247 -571 -901 -334 -668 -1122 -92 -78 -345 -693 -332 -71 -1107 -1019 -809 -954 -656 -1187 -1161 -951 -1131 -1009 -848 -970 -1037 -816 -1319 -940 -586 -1162 -1015 -1381 -952 -1426 -1387 -1235 -1052 -1087 -1340 -1349 -1608 -1618 -1535 -1160 -1586 -1301 -891 -1580 -1826 -1689 -1384 -1377 -1382 -1375 -1597 -1753 -1455 -1378 -1599 -1396 -1852 -2011 -1763 -1738 -1813 -1795 -1818 -2245 -1704
INF 0 INF 209 INF INF INF INF INF INF INF INF INF INF INF INF INF INF -20 INF 19 INF -100 -321 -203 55 -542 INF -218 -214 -113 -201 293 -527 -355 -133 -229 -243 -607 -581 -371 -551 -345 -181 -354 -421 -200 -739 -360 -115 -498 -485 -801 -348 -846 -807 -655 -472 -507 -760 -769 -1028 -1038 -955 -580 -1006 -721 -311 -1000 -1246 -1109 -804 -797 -802 -795 -1017 -1173 -875 -798 -1019 -816 -1272 -1431 -1183 -1158 -1233 -1215 -1238 -1665 -1124
INF INF 0 INF -193 185 -332 INF 11 INF INF INF INF -449 -610 INF INF -481 15 -487 114 INF -345 -675 -108 -442 -896 134 148 -119 -467 -106 155 -881 -793 -583 -728 -430 -961 -935 -725 -905 -783 -622 -744 -811 -590 -1093 -714 -360 -936 -789 -1155 -726 -1200 -1161 -1009 -826 -861 -1114 -1123 -1382 -1392 -1309 -934 -1360 -1075 -665 -1354 -1600 -1463 -1158 -1151 -1156 -1149 -1371 -1527 -1229 -1152 -1373 -1170 -1626 -1785 -1537 -1512 -1587 -1569 -1592 -2019 -1478
INF INF INF 0 INF INF INF INF INF INF INF INF INF INF INF INF INF INF -229 INF -190 INF -309 -530 -412 INF -751 INF -156 -423 -322 -410 84 -736 -559 -342 -438 -452 -816 -790 -580 -760 -549 -390 -563 -630 -409 -948 -569 -324 -702 -694 -1010 -506 -1055 -1016 -864 -681 -716 -969 -978 -1237 -1247 -1164 -789 -1215 -930 -520 -1209 -1455 -1318 -1013 -1006 -1011 -1004 -1226 -1382 -1084 -1007 -1228 -1025 -1481 -1640 -1392 -1367 -1442 -1424 -1447 -1874 -1333
INF INF INF INF 0 INF -139 INF 204 INF INF INF INF -256 -417 INF INF -288 INF -294 INF INF -152 -482 INF -249 -703 INF INF INF -274 INF INF -688 -600 -390 -535 -237 -768 -742 -532 -712 -590 -429 -551 -618 -397 -900 -521 -167 -743 -596 -962 -533 -1007 -968 -816 -633 -668 -921 -930 -1189 -1199 -1116 -741 -1167 -882 -472 -1161 -1407 -1270 -965 -958 -963 -956 -1178 -1334 -1036 -959 -1180 -977 -1433 -1592 -1344 -1319 -1394 -1376 -1399 -1826 -1285
INF INF INF INF INF 0 INF INF INF INF INF INF INF INF INF INF INF INF -170 INF -71 INF -190 -411 -293 -209 -632 -51 -37 -304 -203 -291 -30 -617 -440 -350 -446 -393 -697 -671 -461 -641 -430 -389 -444 -511 -290 -829 -450 -205 -583 -575 -891 -387 -936 -897 -745 -562 -597 -850 -859 -1118 -1128 -1045 -670 -1096 -811 -401 -1090 -1336 -1199 -894 -887 -892 -885 -1107 -1263 -965 -888 -1109 -906 -1362 -1521 -1273 -1248 -1323 -1305 -1328 -1755 -1214
INF INF INF INF INF INF 0 INF INF INF INF INF INF INF -278 INF INF INF INF INF INF INF INF INF INF INF INF INF INF INF INF INF INF INF -461 INF -176 INF INF INF INF 131 -451 INF INF -412 -191 -574 -313 INF -604 -358 -636 -177 358 -289 -499 -307 -165 -733 -774 -863 -873 -960 -424 -1011 -726 -102 -1005 -1251 -1114 -639 -625 -807 -800 -1022 -1178 -551 -803 -947 -644 -1277 -1436 -1188 -1086 -1238 -1220 -1243 -1670 -1059
INF INF INF INF INF INF INF 0 INF INF -75 INF INF 245 INF INF 35 INF INF -282 INF INF 116 -195 INF -197 -416 -230 INF INF -74 -53 -209 -401 -224 -338 -523 -231 -530 -455 -407 -474 -214 -377 -291 -358 -353 -613 -266 101 -367 -393 -675 -259 -720 -730 -529 -515 -381 -634 -643 -902 -912 -829 -454 -880 -757 -264 -874 -1120 -983 -678 -671 -716 -672 -891 -1047 -749 -712 -893 -690 -1146 -1305 -1057 -1032 -1107 -1089 -1112 -1539 -998
INF INF INF INF INF INF INF INF 0 INF INF INF INF INF INF INF INF INF INF INF INF INF INF INF INF INF INF INF INF INF INF INF INF INF INF INF INF INF INF INF INF INF INF INF INF INF INF INF INF INF INF INF INF -174 -35 INF 16 INF INF -457 INF 97 87 -274 91 327 INF INF 225 -241 224 INF -349 INF -114 -336 -492 INF INF -671 -368 -591 -750 -417 -810 -552 -593 -557 -984 -776
INF INF INF INF INF INF INF INF INF 0 INF INF INF INF INF INF 196 INF INF INF INF INF -165 -386 INF INF -607 INF INF INF -178 266 INF -592 -415 342 -266 -250 -672 -646 -436 -616 -405 303 -412 -479 -258 -804 -425 -180 -558 -500 -866 -288 -911 -872 -720 -537 -572 -825 -834 -1093 -1103 -1020 -645 -1071 -786 -376 -1065 -1311 -1174 -869 -862 -867 -860 -1082 -1238 -940 -863 -1084 -881 -1337 -1496 -1248 -1223 -1298 -1280 -1303 -1730 -1189
INF INF INF INF INF INF INF INF INF INF 0 INF INF INF INF INF INF INF INF INF INF INF INF -120 INF -122 -341 INF INF INF 88 22 INF -326 -149 -263 -359 INF -455 -380 -219 -399 -139 -302 -167 -234 -13 -538 -159 341 -292 -283 -600 -71 -645 -655 -454 -271 -306 -559 -568 -827 -837 -754 -379 -805 -520 -110 -799 -1045 -908 -603 -596 -641 -597 -816 -972 -674 -637 -818 -615 -1071 -1230 -982 -957 -1032 -1014 -1037 -1464 -923
INF INF INF INF INF INF INF INF INF INF INF 0 INF INF INF INF INF 12 INF INF INF INF -279 -500 -234 INF -721 INF 22 INF -292 -232 INF -706 -529 INF INF -364 -786 -760 -550 -730 -519 -235 -526 -593 -372 -918 -539 -294 -672 -614 -980 -402 -1025 -986 -834 -651 -686 -939 -948 -1207 -1217 -1134 -759 -1185 -900 -490 -1179 -1425 -1288 -983 -976 -981 -974 -1196 -1352 -1054 -977 -1198 -995 -1451 -1610 -1362 -1337 -1412 -1394 -1417 -1844 -1303
INF INF INF INF INF INF INF INF INF INF INF INF 0 INF INF INF INF INF INF INF INF INF INF INF INF -143 INF INF INF INF INF INF INF INF INF -284 -380 INF -476 INF -240 -420 -130 -323 -188 -255 -34 -253 -156 INF INF -304 -436 -92 -193 -676 -290 14 156 -412 -194 -663 -673 -539 -311 -521 -228 -140 -515 -761 -624 -318 -304 -662 -618 -649 -910 -311 -658 -751 -445 -904 -1168 -730 -890 -817 -762 -975 -1402 -856
INF INF INF INF INF INF INF INF INF INF INF INF INF 0 INF INF INF INF INF -38 INF INF INF INF INF 7 INF INF INF INF 165 INF INF -91 86 -134 -279 INF -326 188 -163 -270 20 -173 -295 -362 -141 -318 -263 418 -57 -308 -380 -277 -294 -526 -234 -271 -71 -560 -227 -607 -617 -543 -315 -470 -513 -52 -464 -710 -573 -383 -452 -512 -549 -605 -841 -418 -508 -774 -471 -860 -1099 -686 -913 -821 -718 -906 -1333 -879
INF INF INF INF INF INF INF INF INF INF INF INF INF INF 0 INF INF INF INF INF INF INF INF INF INF INF INF INF INF INF INF INF INF INF -183 INF INF INF INF INF INF INF -173 INF INF -134 87 -296 -35 INF -326 -80 -358 101 INF 215 -221 -29 113 -455 -496 -585 -595 -682 -146 -733 -448 176 -727 -973 -836 -361 -347 -529 -522 -744 -900 -273 -525 -669 -366 -999 -1158 -910 -808 -960 -942 -965 -1392 -781
INF INF INF INF INF INF INF INF INF INF INF INF INF INF INF 0 INF INF 110 INF 209 INF 90 -131 -13 INF -352 INF 116 -24 77 -11 483 -337 -160 -3 -99 -113 -417 -391 -181 -361 -150 -42 -164 -231 -10 -549 -170 75 -303 -295 -611 -107 -656 -617 -465 -282 -317 -570 -579 -838 -848 -765 -390 -816 -531 -213 -810 -1056 -919 -614 -607 -612 -605 -827 -983 -685 -608 -829 -626 -1082 -1241 -993 -968 -1043 -1025 -1048 -1475 -934
INF INF INF INF INF INF INF INF INF INF INF INF INF INF INF INF 0 INF INF INF INF INF 81 -140 INF INF -361 INF INF INF -109 70 INF -346 -169 146 50 -4 -426 -400 -190 -370 -159 107 -166 -233 -12 -558 -179 66 -312 -254 -620 -42 -665 -626 -474 -291 -326 -579 -588 -847 -857 -774 -399 -825 -540 -130 -819 -1065 -928 -623 -616 -621 -614 -836 -992 -694 -617 -838 -635 -1091 -1250 -1002 -977 -1052 -1034 -1057 -1484 -943
INF INF INF INF INF INF INF INF INF INF INF INF INF INF INF INF INF 0 INF INF INF INF 136 -194 INF INF -415 INF INF INF 14 INF INF -400 -223 INF INF 51 -480 -454 -244 -424 -213 154 -220 -287 -66 -612 -233 121 -366 -308 -674 -96 -719 -680 -528 -345 -380 -633 -642 -901 -911 -828 -453 -879 -594 -184 -873 -1119 -982 -677 -670 -675 -668 -890 -1046 -748 -671 -892 -689 -1145 -1304 -1056 -1031 -1106 -1088 -1111 -1538 -997
INF INF INF INF INF INF INF INF INF INF INF INF INF INF INF INF INF INF 0 INF 99 INF -20 -241 -123 INF -462 INF 133 -134 -33 -121 373 -447 -270 -113 -209 -223 -527 -501 -291 -471 -260 -152 -274 -341 -120 -659 -280 -35 -413 -405 -721 -217 -766 -727 -575 -392 -427 -680 -689 -948 -958 -875 -500 -926 -641 -231 -920 -1166 -1029 -724 -717 -722 -715 -937 -1093 -795 -718 -939 -736 -1192 -1351 -1103 -1078 -1153 -1135 -1158 -1585 -1044
INF INF INF INF INF INF INF INF INF INF INF INF INF INF INF INF INF INF INF 0 INF INF INF INF INF INF INF INF INF INF INF INF INF -53 124 INF -241 INF INF INF -125 INF 134 INF 255 173 -71 11 114 INF -19 -111 -51 23 135 -354 86 -233 -33 -286 -189 -278 -288 -375 -118 -426 -475 18 -420 -666 -529 -54 -178 -340 -296 -437 -593 -348 -336 -500 -330 -692 -851 -647 -639 -653 -679 -658 -1085 -605
INF INF INF INF INF INF INF INF INF INF INF INF INF INF INF INF INF INF INF INF 0 INF -119 -340 -222 INF -561 INF 34 -233 -132 -220 274 -546 -369 3 -93 -204 -626 -600 -390 -570 -359 -200 -373 -440 -219 -758 -379 -134 -512 -504 -820 -316 -865 -826 -674 -491 -526 -779 -788 -1047 -1057 -974 -599 -1025 -740 -330 -1019 -1265 -1128 -823 -816 -821 -814 -1036 -1192 -894 -817 -1038 -835 -1291 -1450 -1202 -1177 -1252 -1234 -1257 -1684 -1143
INF INF INF INF INF INF INF INF INF INF INF INF INF INF INF INF INF INF INF INF INF 0 INF INF INF -111 INF INF 151 INF INF INF INF INF -65 -252 -348 INF -444 INF -208 -388 -98 -291 -156 -223 -2 -221 -124 -220 -208 -272 -404 -60 -161 -644 -381 46 188 -490 -378 -631 -641 -564 -306 -615 -330 87 -609 -855 -718 -286 -382 -630 -586 -626 -878 -279 -626 -719 -413 -881 -1136 -792 -858 -842 -824 -943 -1370 -824
INF INF INF INF INF INF INF INF INF INF INF INF INF INF INF INF INF INF INF INF INF INF 0 -221 INF INF -442 INF INF INF -13 INF INF -427 -250 INF INF -85 -507 -481 -271 -451 -240 INF -247 -314 -93 -639 -260 -15 -393 -335 -701 -123 -746 -707 -555 -372 -407 -660 -669 -928 -938 -855 -480 -906 -621 -211 -900 -1146 -1009 -704 -697 -702 -695 -917 -1073 -775 -698 -919 -716 -1172 -1331 -1083 -1058 -1133 -1115 -1138 -1565 -1024
INF INF INF INF INF INF INF INF INF INF INF INF INF INF INF INF INF INF INF INF INF INF INF 0 INF INF -221 INF INF INF 208 INF INF -206 -29 INF INF INF -286 -260 -50 -230 -19 INF -26 -93 128 -418 -39 461 -172 -114 -480 98 -525 -486 -334 -151 -186 -439 -448 -707 -717 -634 -259 -685 -400 10 -679 -925 -788 -483 -476 -481 -474 -696 -852 -554 -477 -698 -495 -951 -1110 -862 -837 -912 -894 -917 -1344 -803
INF INF INF INF INF INF INF INF INF INF INF INF INF INF INF INF INF INF INF INF INF INF INF INF 0 INF -264 INF 256 INF INF 2 INF -161 16 INF INF INF 292 -270 204 -206 26 22 -69 -136 85 -428 -37 INF -127 -282 -490 126 -535 -462 -344 -161 -141 -394 -458 -717 -727 -644 -289 -695 -410 -33 -689 -935 -798 -493 -486 -491 -484 -706 -862 -564 -487 -708 -505 -961 -1120 -872 -847 -922 -904 -927 -1354 -813
INF INF INF INF INF INF INF INF INF INF INF INF INF INF INF INF INF INF INF INF INF INF INF INF INF 0 INF INF INF INF INF INF INF INF INF -141 -237 INF -333 INF -97 -277 13 -180 -45 -112 109 -110 -13 INF INF -161 -293 51 -50 -533 -147 157 299 -269 -51 -520 -530 -396 -168 -378 -85 198 -372 -618 -481 -175 -161 -519 -475 -506 -767 -168 -515 -608 -302 -761 -1025 -587 -747 -674 -619 -832 -1259 -713
INF INF INF INF INF INF INF INF INF INF INF INF INF INF INF INF INF INF INF INF INF INF INF INF INF INF 0 INF INF INF INF INF INF 103 280 INF INF INF INF -6 INF INF 290 INF 195 128 349 -164 227 INF 137 182 -226 476 -271 INF -80 103 123 -130 -194 -453 -463 -380 -5 -431 -146 231 -425 -671 -534 -229 -222 -227 -220 -442 -598 -300 -223 -444 -241 -697 -856 -608 -583 -658 -640 -663 -1090 -549
INF INF INF INF INF INF INF INF INF INF INF INF INF INF INF INF INF INF INF INF INF INF INF INF INF INF INF 0 INF INF INF INF 21 INF INF INF INF -1 INF INF INF 227 INF INF INF INF INF -138 -36 INF INF 343 -200 213 454 -29 -54 129 97 -218 -28 -427 -437 -214 -181 -265 -113 378 -259 -505 -368 -203 -110 -61 -54 -413 -569 -214 -57 -432 -129 -668 -827 -494 -571 -492 -526 -634 -1061 -537
INF INF INF INF INF INF INF INF INF INF INF INF INF INF INF INF INF INF INF INF INF INF INF INF INF INF INF INF 0 INF INF INF INF INF -137 INF INF INF 36 INF -52 92 -127 INF 324 -88 133 -250 11 INF -280 -38 -312 -130 272 -164 -175 17 159 -413 -450 -539 -549 -636 -100 -687 -402 222 -681 -927 -790 -315 -305 -483 -476 -698 -854 -227 -479 -627 -324 -953 -1112 -864 -766 -914 -896 -919 -1346 -735
INF INF INF INF INF INF INF INF INF INF INF INF INF INF INF INF INF INF INF INF INF INF INF INF INF INF INF INF INF 0 INF INF INF INF INF INF INF INF INF INF INF 218 INF INF -140 -207 14 -163 -108 INF 162 -153 -225 -83 -139 -38 -79 104 INF -366 -8 -452 -462 -388 -160 -315 -138 103 -309 -555 -418 -228 -258 -41 -394 -450 -686 -263 -37 -580 -277 -705 -944 -531 -719 -666 -563 -751 -1178 -685
INF INF INF INF INF INF INF INF INF INF INF INF INF INF INF INF INF INF INF INF INF INF INF INF INF INF INF INF INF INF 0 INF INF 74 251 INF INF INF INF INF INF -107 261 INF INF 300 521 138 241 253 -141 9 76 490 120 -363 92 405 94 -159 -311 -151 -191 -497 -242 -548 -263 375 -542 -788 -651 73 -51 -349 -337 -559 -715 -88 -345 -478 -70 -814 -973 -725 -617 -775 -757 -780 -1207 -596
INF INF INF INF INF INF INF INF INF INF INF INF INF INF INF INF INF INF INF INF INF INF INF INF INF INF INF INF INF INF INF 0 INF 65 242 INF INF INF INF 209 INF 61 252 50 271 204 425 51 232 INF 99 153 -11 481 -56 -195 135 318 85 -168 -71 -238 -248 -257 146 -308 -23 366 -302 -548 -411 -14 -60 -181 -137 -319 -475 -85 -177 -382 -79 -574 -733 -485 -521 -535 -517 -540 -967 -487
INF INF INF INF INF INF INF INF INF INF INF INF INF INF INF INF INF INF INF INF INF INF INF INF INF INF INF INF INF INF INF INF 0 INF INF INF INF -22 INF INF INF 206 INF INF INF INF INF INF INF INF INF 322 INF INF 433 -50 INF INF 76 -239 -49 203 193 -235 -202 -286 -1 357 -280 -526 -389 484 -131 -82 -75 -297 -453 -235 -78 -453 -150 -552 -711 -463 -592 -513 -495 -518 -945 -558
INF INF INF INF INF INF INF INF INF INF INF INF INF INF INF INF INF INF INF INF INF INF INF INF INF INF INF INF INF INF INF INF INF 0 177 INF INF INF INF INF INF INF 187 INF INF 226 447 64 167 INF 34 280 2 416 INF INF 139 331 20 -233 -136 -225 -235 -322 214 -373 -88 301 -367 -613 -476 -1 -125 -169 -162 -384 -540 87 -165 -447 -144 -639 -798 -550 -586 -600 -582 -605 -1032 -552
INF INF INF INF INF INF INF INF INF INF INF INF INF INF INF INF INF INF INF INF INF INF INF INF INF INF INF INF INF INF INF INF INF INF 0 INF INF INF INF INF INF INF 10 INF INF 49 270 -113 148 INF -143 103 -175 284 INF INF -38 154 296 -272 -313 -402 -412 -499 37 -550 -265 359 -544 -790 -653 -178 -164 -346 -339 -561 -717 -90 -342 -486 -183 -816 -975 -727 -625 -777 -759 -782 -1209 -598
INF INF INF INF INF INF INF INF INF INF INF INF INF INF INF INF INF INF INF INF INF INF INF INF INF INF INF INF INF INF INF INF INF INF INF 0 -96 INF -192 INF 44 -136 INF -39 96 29 250 73 128 INF INF -20 -152 192 91 -392 -6 340 INF -91 90 -379 -389 -255 -27 -237 98 339 -231 -477 -340 8 17 -378 -334 -365 -626 -27 -374 -467 -161 -620 -884 -446 -606 -533 -478 -691 -1118 -572
INF INF INF INF INF INF INF INF INF INF INF INF INF INF INF INF INF INF INF INF INF INF INF INF INF INF INF INF INF INF INF INF INF INF INF INF 0 INF INF INF INF INF INF INF INF INF INF INF INF INF INF INF INF INF INF -113 INF INF INF INF INF INF INF -45 INF -133 INF INF -127 -373 -236 INF INF -99 -55 -107 -347 INF -95 -188 183 -362 -605 -310 -327 -323 -342 -412 -839 -293
INF INF INF INF INF INF INF INF INF INF INF INF INF INF INF INF INF INF INF INF INF INF INF INF INF INF INF INF INF INF INF INF INF INF INF INF INF 0 INF INF INF INF INF INF INF INF INF INF INF INF INF INF INF INF INF INF INF INF INF -217 -27 INF INF -213 INF -264 21 INF -258 -504 -367 INF -109 -60 -53 -275 -431 196 -56 -431 -128 -530 -689 -441 -570 -491 -473 -496 -923 -536
INF INF INF INF INF INF INF INF INF INF INF INF INF INF INF INF INF INF INF INF INF INF INF INF INF INF INF INF INF INF INF INF INF INF INF INF INF INF 0 INF 236 56 INF INF 288 221 442 265 320 INF INF 172 203 384 283 -200 349 532 INF 101 445 -24 -34 -63 165 10 290 531 16 -230 -93 200 209 -186 -142 -125 -434 165 -182 -275 31 -380 -692 -206 -414 -341 -238 -499 -926 -380
INF INF INF INF INF INF INF INF INF INF INF INF INF INF INF INF INF INF INF INF INF INF INF INF INF INF INF INF INF INF INF INF INF INF INF INF INF INF INF 0 INF INF INF INF INF INF INF -158 INF INF INF INF -220 INF -265 INF -74 109 INF INF -188 -447 -457 -374 1 -425 -140 INF -419 -665 -528 -223 -216 -221 -214 -436 -592 -294 -217 -438 -235 -691 -850 -602 -577 -652 -634 -657 -1084 -543
INF INF INF INF INF INF INF INF INF INF INF INF INF INF INF INF INF INF INF INF INF INF INF INF INF INF INF INF INF INF INF INF INF INF INF INF INF INF INF INF 0 INF INF INF INF INF INF INF INF INF INF 14 INF 148 INF INF INF INF INF -135 INF INF INF -221 7 -148 INF INF -142 -388 -251 INF -27 INF -61 -283 -439 INF INF -349 -205 -538 -697 -364 -488 -499 -396 -504 -931 -454
INF INF INF INF INF INF INF INF INF INF INF INF INF INF INF INF INF INF INF INF INF INF INF INF INF INF INF INF INF INF INF INF INF INF INF INF INF INF INF INF INF 0 INF INF INF INF INF INF INF INF INF 116 INF INF 227 -256 INF INF INF INF INF INF INF -119 109 -46 INF INF -40 -286 -149 278 276 -242 -198 -181 -490 465 -238 -331 40 -436 -748 -262 -470 -397 -294 -555 -982 -436
INF INF INF INF INF INF INF INF INF INF INF INF INF INF INF INF INF INF INF INF INF INF INF INF INF INF INF INF INF INF INF INF INF INF INF INF INF INF INF INF INF INF 0 INF INF INF INF -123 INF INF INF INF -185 INF INF INF -39 144 286 -282 57 -412 -422 -129 36 -182 -98 567 -176 -422 -285 -188 -174 24 31 -398 -554 -1 28 -496 -193 -653 -812 -479 -635 -407 -511 -619 -1046 -601
INF INF INF INF INF INF INF INF INF INF INF INF INF INF INF INF INF INF INF INF INF INF INF INF INF INF INF INF INF INF INF INF INF INF INF INF INF INF INF INF INF INF INF 0 INF INF INF INF INF INF INF INF INF INF INF INF INF INF INF INF INF INF -288 INF INF -198 INF INF -192 -438 -301 INF INF INF INF -66 -271 INF INF INF INF -321 -529 -375 INF INF -407 -416 -763 -131
INF INF INF INF INF INF INF INF INF INF INF INF INF INF INF INF INF INF INF INF INF INF INF INF INF INF INF INF INF INF INF INF INF INF INF INF INF INF INF INF INF INF INF INF 0 -67 154 -23 32 INF INF -13 -85 281 1 INF 61 244 INF -2 157 -312 -322 -248 -20 -175 2 243 -169 -415 -278 -88 50 124 -254 -310 -546 -123 128 -303 31 -565 -804 -391 -442 -526 -423 -611 -1038 -408
INF INF INF INF INF INF INF INF INF INF INF INF INF INF INF INF INF INF INF INF INF INF INF INF INF INF INF INF INF INF INF INF INF INF INF INF INF INF INF INF INF INF INF INF INF 0 221 44 99 INF INF 54 -18 348 INF INF 128 311 INF 65 224 -245 -255 -181 47 -108 69 310 -102 -348 -211 -21 173 191 -187 -243 -479 -56 195 -236 154 -498 -737 -324 -375 -459 -356 -544 -971 -341
INF INF INF INF INF INF INF INF INF INF INF INF INF INF INF INF INF INF INF INF INF INF INF INF INF INF INF INF INF INF INF INF INF INF INF INF INF INF INF INF INF INF INF INF INF INF 0 INF INF INF INF INF INF 254 INF INF INF INF INF -29 INF 299 274 154 INF -292 INF 89 -286 -532 -395 INF 79 INF 32 -160 -365 -277 INF -243 60 -415 -623 -469 -382 -124 -501 -510 -857 -348
INF INF INF INF INF INF INF INF INF INF INF INF INF INF INF INF INF INF INF INF INF INF INF INF INF INF INF INF INF INF INF INF INF INF INF INF INF INF INF INF INF INF INF INF INF INF INF 0 INF INF INF INF -62 INF INF INF 84 267 INF INF 180 -289 -299 -6 159 -59 25 INF -53 -299 -162 -65 151 147 154 -275 -431 122 151 -280 132 -530 -689 -356 -419 -284 -388 -496 -923 -385
INF INF INF INF INF INF INF INF INF INF INF INF INF INF INF INF INF INF INF INF INF INF INF INF INF INF INF INF INF INF INF INF INF INF INF INF INF INF INF INF INF INF INF INF INF INF INF INF 0 INF INF INF INF 249 INF INF INF INF INF -34 INF INF INF 149 INF INF INF INF INF 182 INF INF 74 INF 309 87 -69 INF INF -248 55 -168 -327 6 -387 -129 -170 -134 -561 -353
INF INF INF INF INF INF INF INF INF INF INF INF INF INF INF INF INF INF INF INF INF INF INF INF INF INF INF INF INF INF INF INF INF INF INF INF INF INF INF INF INF INF INF INF INF INF INF INF INF 0 INF INF INF INF INF INF -161 INF INF -270 INF INF INF -87 -86 INF 246 INF 48 -198 INF INF -162 INF 73 -149 -305 421 INF -484 -181 -404 -563 -230 -623 -365 -406 -370 -797 -589
INF INF INF INF INF INF INF INF INF INF INF INF INF INF INF INF INF INF INF INF INF INF INF INF INF INF INF INF INF INF INF INF INF INF INF INF INF INF INF INF INF INF INF INF INF INF INF INF INF INF 0 INF INF INF INF INF INF INF INF INF -170 INF -50 -356 INF -407 -122 INF -401 -647 -510 INF INF -203 -196 -418 -574 53 -199 -337 INF -673 -832 -584 -476 -634 -616 -639 -1066 -455
INF INF INF INF INF INF INF INF INF INF INF INF INF INF INF INF INF INF INF INF INF INF INF INF INF INF INF INF INF INF INF INF INF INF INF INF INF INF INF INF INF INF INF INF INF INF INF INF INF INF INF 0 INF INF INF INF INF INF INF INF INF INF INF -235 -7 -162 INF INF -156 -402 -265 INF INF INF -75 -297 -453 INF INF INF INF -552 -711 -378 INF -513 -410 -518 -945 -334
INF INF INF INF INF INF INF INF INF INF INF INF INF INF INF INF INF INF INF INF INF INF INF INF INF INF INF INF INF INF INF INF INF INF INF INF INF INF INF INF INF INF INF INF INF INF INF INF INF INF INF INF 0 INF INF INF 146 INF INF INF 242 -227 -237 56 221 3 290 INF 9 -237 -100 INF INF 209 216 -213 -369 465 213 -218 INF -468 -627 -294 -357 -222 -326 -434 -861 -323
INF INF INF INF INF INF INF INF INF INF INF INF INF INF INF INF INF INF INF INF INF INF INF INF INF INF INF INF INF INF INF INF INF INF INF INF INF INF INF INF INF INF INF INF INF INF INF INF INF INF INF INF INF 0 INF INF INF INF INF -283 INF INF INF -100 INF INF INF INF INF -67 INF INF -175 INF 60 -162 -318 INF INF -497 -194 -417 -576 -243 -636 -378 -419 -383 -810 -602
INF INF INF INF INF INF INF INF INF INF INF INF INF INF INF INF INF INF INF INF INF INF INF INF INF INF INF INF INF INF INF INF INF INF INF INF INF INF INF INF INF INF INF INF INF INF INF INF INF INF INF INF INF INF 0 INF INF INF INF INF INF INF INF INF INF INF INF INF INF INF INF INF 49 INF INF INF 321 INF INF INF 30 234 63 408 30 INF 247 84 -171 -229
INF INF INF INF INF INF INF INF INF INF INF INF INF INF INF INF INF INF INF INF INF INF INF INF INF INF INF INF INF INF INF INF INF INF INF INF INF INF INF INF INF INF INF INF INF INF INF INF INF INF INF INF INF INF INF 0 INF INF INF INF INF INF INF INF INF INF INF INF INF INF INF INF INF 14 58 INF -234 INF 18 -75 296 153 -492 59 -214 INF 3 -299 -726 -180
INF INF INF INF INF INF INF INF INF INF INF INF INF INF INF INF INF INF INF INF INF INF INF INF INF INF INF INF INF INF INF INF INF INF INF INF INF INF INF INF INF INF INF INF INF INF INF INF INF INF INF INF INF INF INF INF 0 INF INF INF INF INF INF INF 75 INF INF INF 209 -37 INF INF INF INF INF 335 179 INF INF INF INF 80 -79 26 INF 85 -6 114 -313 264
INF INF INF INF INF INF INF INF INF INF INF INF INF INF INF INF INF INF INF INF INF INF INF INF INF INF INF INF INF INF INF INF INF INF INF INF INF INF INF INF INF INF INF INF INF INF INF INF INF INF INF INF INF INF INF INF INF 0 INF INF INF INF INF INF INF INF -242 INF INF INF 264 INF INF INF INF -106 -262 -67 INF -110 INF -361 -520 -414 -249 -295 -446 -327 -754 -215
INF INF INF INF INF INF INF INF INF INF INF INF INF INF INF INF INF INF INF INF INF INF INF INF INF INF INF INF INF INF INF INF INF INF INF INF INF INF INF INF INF INF INF INF INF INF INF INF INF INF INF INF INF INF INF INF INF INF 0 -253 INF INF INF -70 INF INF INF 281 86 -160 208 INF -145 INF 90 -132 -288 INF INF -467 -164 -387 -546 -213 -606 -348 -389 -353 -780 -572
INF INF INF INF INF INF INF INF INF INF INF INF INF INF INF INF INF INF INF INF INF INF INF INF INF INF INF INF INF INF INF INF INF INF INF INF INF INF INF INF INF INF INF INF INF INF INF INF INF INF INF INF INF INF INF INF INF INF INF 0 INF INF INF 183 INF INF INF INF INF 216 INF INF 108 INF 343 121 -35 INF INF -214 89 -134 -293 40 -353 -95 -136 -100 -527 -319
INF INF INF INF INF INF INF INF INF INF INF INF INF INF INF INF INF INF INF INF INF INF INF INF INF INF INF INF INF INF INF INF INF INF INF INF INF INF INF INF INF INF INF INF INF INF INF INF INF INF INF INF INF INF INF INF INF INF INF INF 0 INF INF -186 INF -237 48 INF -231 -477 -340 INF INF -33 -26 -248 -404 223 -29 -167 INF -503 -662 -414 -306 -464 -446 -469 -896 -285
INF INF INF INF INF INF INF INF INF INF INF INF INF INF INF INF INF INF INF INF INF INF INF INF INF INF INF INF INF INF INF INF INF INF INF INF INF INF INF INF INF INF INF INF INF INF INF INF INF INF INF INF INF INF INF INF INF INF INF INF INF 0 -10 INF INF 230 INF INF 236 -10 127 INF INF INF INF 362 157 INF INF INF INF 107 -101 53 INF INF 21 12 -335 297
INF INF INF INF INF INF INF INF INF INF INF INF INF INF INF INF INF INF INF INF INF INF INF INF INF INF INF INF INF INF INF INF INF INF INF INF INF INF INF INF INF INF INF INF INF INF INF INF INF INF INF INF INF INF INF INF INF INF INF INF INF INF 0 INF INF INF INF INF INF INF INF INF INF INF INF INF INF INF INF INF INF INF INF INF INF INF INF INF INF INF
INF INF INF INF INF INF INF INF INF INF INF INF INF INF INF INF INF INF INF INF INF INF INF INF INF INF INF INF INF INF INF INF INF INF INF INF INF INF INF INF INF INF INF INF INF INF INF INF INF INF INF INF INF INF INF INF INF INF INF INF INF INF INF 0 INF INF INF INF INF 33 INF INF INF INF 160 -62 -218 INF INF INF INF -317 -476 -143 INF -278 -175 -283 -710 -99
INF INF INF INF INF INF INF INF INF INF INF INF INF INF INF INF INF INF INF INF INF INF INF INF INF INF INF INF INF INF INF INF INF INF INF INF INF INF INF INF INF INF INF INF INF INF INF INF INF INF INF INF INF INF INF INF INF INF INF INF INF INF INF INF 0 INF INF INF INF INF INF INF INF INF INF INF INF INF INF INF INF INF INF INF INF 10 INF INF INF 189
INF INF INF INF INF INF INF INF INF INF INF INF INF INF INF INF INF INF INF INF INF INF INF INF INF INF INF INF INF INF INF INF INF INF INF INF INF INF INF INF INF INF INF INF INF INF INF INF INF INF INF INF INF INF INF INF INF INF INF INF INF INF INF INF INF 0 INF INF 6 -240 -103 INF INF INF INF 132 -73 INF INF INF INF -123 -331 -177 INF INF -209 -218 -565 67
INF INF INF INF INF INF INF INF INF INF INF INF INF INF INF INF INF INF INF INF INF INF INF INF INF INF INF INF INF INF INF INF INF INF INF INF INF INF INF INF INF INF INF INF INF INF INF INF INF INF INF INF INF INF INF INF INF INF INF INF INF INF INF INF INF INF 0 INF INF INF INF INF INF INF INF 136 -20 175 INF 132 INF -119 -278 -172 -7 -53 -204 -85 -512 27
INF INF INF INF INF INF INF INF INF INF INF INF INF INF INF INF INF INF INF INF INF INF INF INF INF INF INF INF INF INF INF INF INF INF INF INF INF INF INF INF INF INF INF INF INF INF INF INF INF INF INF INF INF INF INF INF INF INF INF INF INF INF INF INF INF INF INF 0 -195 -441 -73 INF INF INF INF -69 -225 INF INF INF INF -324 -483 -378 INF INF -410 -290 -717 -134
INF INF INF INF INF INF INF INF INF INF INF INF INF INF INF INF INF INF INF INF INF INF INF INF INF INF INF INF INF INF INF INF INF INF INF INF INF INF INF INF INF INF INF INF INF INF INF INF INF INF INF INF INF INF INF INF INF INF INF INF INF INF INF INF INF INF INF INF 0 -246 INF INF INF INF INF 126 -30 INF INF INF INF -129 -288 -183 INF INF -215 -95 -522 61
INF INF INF INF INF INF INF INF INF INF INF INF INF INF INF INF INF INF INF INF INF INF INF INF INF INF INF INF INF INF INF INF INF INF INF INF INF INF INF INF INF INF INF INF INF INF INF INF INF INF INF INF INF INF INF INF INF INF INF INF INF INF INF INF INF INF INF INF INF 0 INF INF INF INF INF INF INF INF INF INF INF INF INF INF INF INF INF INF INF INF
INF INF INF INF INF INF INF INF INF INF INF INF INF INF INF INF INF INF INF INF INF INF INF INF INF INF INF INF INF INF INF INF INF INF INF INF INF INF INF INF INF INF INF INF INF INF INF INF INF INF INF INF INF INF INF INF INF INF INF INF INF INF INF INF INF INF INF INF INF INF 0 INF INF INF INF INF INF INF INF INF INF INF INF INF INF INF INF -115 -54 INF
INF INF INF INF INF INF INF INF INF INF INF INF INF INF INF INF INF INF INF INF INF INF INF INF INF INF INF INF INF INF INF INF INF INF INF INF INF INF INF INF INF INF INF INF INF INF INF INF INF INF INF INF INF INF INF INF INF INF INF INF INF INF INF INF INF INF INF INF INF INF INF 0 INF INF INF INF INF 187 INF 302 INF 87 INF 261 163 INF 229 INF 572 197
INF INF INF INF INF INF INF INF INF INF INF INF INF INF INF INF INF INF INF INF INF INF INF INF INF INF INF INF INF INF INF INF INF INF INF INF INF INF INF INF INF INF INF INF INF INF INF INF INF INF INF INF INF INF INF INF INF INF INF INF INF INF INF INF INF INF INF INF INF INF INF INF 0 INF INF INF 272 INF INF INF -19 185 14 359 -19 INF 198 35 -220 -278
INF INF INF INF INF INF INF INF INF INF INF INF INF INF INF INF INF INF INF INF INF INF INF INF INF INF INF INF INF INF INF INF INF INF INF INF INF INF INF INF INF INF INF INF INF INF INF INF INF INF INF INF INF INF INF INF INF INF INF INF INF INF INF INF INF INF INF INF INF INF INF INF INF 0 INF INF 292 INF 4 -89 INF 139 34 313 -228 INF -11 135 -200 -194
INF INF INF INF INF INF INF INF INF INF INF INF INF INF INF INF INF INF INF INF INF INF INF INF INF INF INF INF INF INF INF INF INF INF INF INF INF INF INF INF INF INF INF INF INF INF INF INF INF INF INF INF INF INF INF INF INF INF INF INF INF INF INF INF INF INF INF INF INF INF INF INF INF INF 0 INF -292 INF INF INF INF INF -550 INF INF INF INF -357 -784 INF
INF INF INF INF INF INF INF INF INF INF INF INF INF INF INF INF INF INF INF INF INF INF INF INF INF INF INF INF INF INF INF INF INF INF INF INF INF INF INF INF INF INF INF INF INF INF INF INF INF INF INF INF INF INF INF INF INF INF INF INF INF INF INF INF INF INF INF INF INF INF INF INF INF INF INF 0 -156 INF INF INF INF -255 -414 -81 INF INF -113 -221 -648 INF
INF INF INF INF INF INF INF INF INF INF INF INF INF INF INF INF INF INF INF INF INF INF INF INF INF INF INF INF INF INF INF INF INF INF INF INF INF INF INF INF INF INF INF INF INF INF INF INF INF INF INF INF INF INF INF INF INF INF INF INF INF INF INF INF INF INF INF INF INF INF INF INF INF INF INF INF 0 INF INF INF INF INF -258 INF INF INF INF -65 -492 INF
INF INF INF INF INF INF INF INF INF INF INF INF INF INF INF INF INF INF INF INF INF INF INF INF INF INF INF INF INF INF INF INF INF INF INF INF INF INF INF INF INF INF INF INF INF INF INF INF INF INF INF INF INF INF INF INF INF INF INF INF INF INF INF INF INF INF INF INF INF INF INF INF INF INF INF INF INF 0 INF 115 INF -100 INF 74 -24 INF 42 INF 385 10
INF INF INF INF INF INF INF INF INF INF INF INF INF INF INF INF INF INF INF INF INF INF INF INF INF INF INF INF INF INF INF INF INF INF INF INF INF INF INF INF INF INF INF INF INF INF INF INF INF INF INF INF INF INF INF INF INF INF INF INF INF INF INF INF INF INF INF INF INF INF INF INF INF INF INF INF INF INF 0 INF INF INF INF INF INF INF INF 131 INF INF
INF INF INF INF INF INF INF INF INF INF INF INF INF INF INF INF INF INF INF INF INF INF INF INF INF INF INF INF INF INF INF INF INF INF INF INF INF INF INF INF INF INF INF INF INF INF INF INF INF INF INF INF INF INF INF INF INF INF INF INF INF INF INF INF INF INF INF INF INF INF INF INF INF INF INF INF INF INF INF 0 INF 228 INF 402 -139 INF 78 INF 270 -105
INF INF INF INF INF INF INF INF INF INF INF INF INF INF INF INF INF INF INF INF INF INF INF INF INF INF INF INF INF INF INF INF INF INF INF INF INF INF INF INF INF INF INF INF INF INF INF INF INF INF INF INF INF INF INF INF INF INF INF INF INF INF INF INF INF INF INF INF INF INF INF INF INF INF INF INF INF INF INF INF 0 204 INF 378 0 INF 217 54 INF INF
INF INF INF INF INF INF INF INF INF INF INF INF INF INF INF INF INF INF INF INF INF INF INF INF INF INF INF INF INF INF INF INF INF INF INF INF INF INF INF INF INF INF INF INF INF INF INF INF INF INF INF INF INF INF INF INF INF INF INF INF INF INF INF INF INF INF INF INF INF INF INF INF INF INF INF INF INF INF INF INF INF 0 INF 174 INF INF 142 INF INF INF
INF INF INF INF INF INF INF INF INF INF INF INF INF INF INF INF INF INF INF INF INF INF INF INF INF INF INF INF INF INF INF INF INF INF INF INF INF INF INF INF INF INF INF INF INF INF INF INF INF INF INF INF INF INF INF INF INF INF INF INF INF INF INF INF INF INF INF INF INF INF INF INF INF INF INF INF INF INF INF INF INF INF 0 INF INF INF INF 193 -234 INF
INF INF INF INF INF INF INF INF INF INF INF INF INF INF INF INF INF INF INF INF INF INF INF INF INF INF INF INF INF INF INF INF INF INF INF INF INF INF INF INF INF INF INF INF INF INF INF INF INF INF INF INF INF INF INF INF INF INF INF INF INF INF INF INF INF INF INF INF INF INF INF INF INF INF INF INF INF INF INF INF INF INF INF 0 INF INF -32 INF INF INF
INF INF INF INF INF INF INF INF INF INF INF INF INF INF INF INF INF INF INF INF INF INF INF INF INF INF INF INF INF INF INF INF INF INF INF INF INF INF INF INF INF INF INF INF INF INF INF INF INF INF INF INF INF INF INF INF INF INF INF INF INF INF INF INF INF INF INF INF INF INF INF INF INF INF INF INF INF INF INF INF INF INF INF INF 0 INF 217 INF INF INF
INF INF INF INF INF INF INF INF INF INF INF INF INF INF INF INF INF INF INF INF INF INF INF INF INF INF INF INF INF INF INF INF INF INF INF INF INF INF INF INF INF INF INF INF INF INF INF INF INF INF INF INF INF INF INF INF INF INF INF INF INF INF INF INF INF INF INF INF INF INF INF INF INF INF INF INF INF INF INF INF INF INF INF INF INF 0 INF INF INF 179
INF INF INF INF INF INF INF INF INF INF INF INF INF INF INF INF INF INF INF INF INF INF INF INF INF INF INF INF INF INF INF INF INF INF INF INF INF INF INF INF INF INF INF INF INF INF INF INF INF INF INF INF INF INF INF INF INF INF INF INF INF INF INF INF INF INF INF INF INF INF INF INF INF INF INF INF INF INF INF INF INF INF INF INF INF INF 0 INF INF INF
INF INF INF INF INF INF INF INF INF INF INF INF INF INF INF INF INF INF INF INF INF INF INF INF INF INF INF INF INF INF INF INF INF INF INF INF INF INF INF INF INF INF INF INF INF INF INF INF INF INF INF INF INF INF INF INF INF INF INF INF INF INF INF INF INF INF INF INF INF INF INF INF INF INF INF INF INF INF INF INF INF INF INF INF INF INF INF 0 INF INF
INF INF INF INF INF INF INF INF INF INF INF INF INF INF INF INF INF INF INF INF INF INF INF INF INF INF INF INF INF INF INF INF INF INF INF INF INF INF INF INF INF INF INF INF INF INF INF INF INF INF INF INF INF INF INF INF INF INF INF INF INF INF INF INF INF INF INF INF INF INF INF INF INF INF INF INF INF INF INF INF INF INF INF INF INF INF INF INF 0 INF
INF INF INF INF INF INF INF INF INF INF INF INF INF INF INF INF INF INF INF INF INF INF INF INF INF INF INF INF INF INF INF INF INF INF INF INF INF INF INF INF INF INF INF INF INF INF INF INF INF INF INF INF INF INF INF INF INF INF INF INF INF INF INF INF INF INF INF INF INF INF INF INF INF INF INF INF INF INF INF INF INF INF INF INF INF INF INF INF INF 0
