0 -1958 -2997 -1295 -287 -677 -2460 -4058 -4785 1752 -598 -4863 -5974 -6355 -6680 -5658 -4476 -6034 3614 681 -3069 -7528 -7939 -8664 -7583 -6271 -8136 5361 112 -1656 -6972 -9605 -10648 -10344 -10868 -12353 6440 564 -2241 -7720 -11284 -12435 -12110 -11009 -10456 5113 1425 -2342 -7696 -10586 -12176 -13062 -14521 -15689 3781 590 -4118 -8517 -8689 -13873 -14537 -14963 -16590 2662 895 -2554 -10106 -9134 -13120 -13119 -15243 -15986 4110 887 -3492 -11446 -13070 -14556 -15318 -16923 -17221
INF 0 -1039 663 1671 1281 -502 -2100 -2827 INF 1360 -2905 -4016 -4397 -4722 -3700 -2518 -4076 INF 2639 -1111 -5570 -5981 -6706 -5625 -4313 -6178 INF 2070 302 -5014 -7647 -8690 -8386 -8910 -10395 INF 2522 -283 -5762 -9326 -10477 -10152 -9051 -8498 INF 3383 -384 -5738 -8628 -10218 -11104 -12563 -13731 INF 2548 -2160 -6559 -6731 -11915 -12579 -13005 -14632 INF 2853 -596 -8148 -7176 -11162 -11161 -13285 -14028 INF 2845 -1534 -9488 -11112 -12598 -13360 -14965 -15263
INF INF 0 1702 2710 2320 537 -1061 -1788 INF INF -1866 -2977 -3358 -3683 -2661 -1479 -3037 INF INF -72 -4531 -4942 -5667 -4586 -3274 -5139 INF INF 1341 -3975 -6608 -7651 -7347 -7871 -9356 INF INF 756 -4723 -8287 -9438 -9113 -8012 -7459 INF INF 655 -4699 -7589 -9179 -10065 -11524 -12692 INF INF -1121 -5520 -5692 -10876 -11540 -11966 -13593 INF INF 443 -7109 -6137 -10123 -10122 -12246 -12989 INF INF -495 -8449 -10073 -11559 -12321 -13926 -14224
INF INF INF 0 1008 618 -1165 -2763 -3490 INF INF INF 1788 1407 1082 -1981 -1904 -3462 INF INF INF 234 -177 -902 -3906 -3213 -5078 INF INF INF 790 -1843 -2886 -2582 -4789 -6362 INF INF INF 42 -3522 -4673 -4348 -4930 -4440 INF INF INF 66 -2824 -4414 -5300 -6759 -7927 INF INF INF -755 -927 -6111 -6775 -7201 -8828 INF INF INF -2344 -1372 -5358 -5357 -7481 -8224 INF INF INF -3684 -5308 -6794 -7556 -9161 -9459
INF INF INF INF 0 -390 -2173 -3771 -4498 INF INF INF INF 1547 1222 -2989 -2912 -4470 INF INF INF INF 2202 -762 -4914 -4221 -6086 INF INF INF INF 536 -709 -3424 -5797 -7370 INF INF INF INF -1143 -2294 -5190 -5938 -5448 INF INF INF INF -445 -2035 -4201 -5660 -6828 INF INF INF INF 1452 -3732 -5676 -6102 -7729 INF INF INF INF 2575 -2979 -3711 -6382 -7125 INF INF INF INF 1083 -1808 -2570 -7460 -8360
INF INF INF INF INF 0 -1783 -3381 -4108 INF INF INF INF INF 1955 -2599 -2522 -4080 INF INF INF INF INF -29 -4524 -3831 -5696 INF INF INF INF INF 24 -3034 -5407 -6980 INF INF INF INF INF 1218 -4800 -5548 -5058 INF INF INF INF INF 1477 -3811 -5270 -6438 INF INF INF INF INF -220 -5286 -5712 -7339 INF INF INF INF INF 533 -3321 -5992 -6735 INF INF INF INF INF 1704 -2161 -7070 -7970
INF INF INF INF INF INF 0 -1598 -2325 INF INF INF INF INF INF -816 -739 -2297 INF INF INF INF INF INF -2741 -2048 -3913 INF INF INF INF INF INF -1251 -3624 -5197 INF INF INF INF INF INF -3017 -3765 -3275 INF INF INF INF INF INF -2028 -3487 -4655 INF INF INF INF INF INF -3503 -3929 -5556 INF INF INF INF INF INF -1538 -4209 -4952 INF INF INF INF INF INF -378 -5287 -6187
INF INF INF INF INF INF INF 0 -727 INF INF INF INF INF INF INF 859 -699 INF INF INF INF INF INF INF -450 -2315 INF INF INF INF INF INF INF -2026 -3599 INF INF INF INF INF INF INF -2167 -1677 INF INF INF INF INF INF INF -861 -2029 INF INF INF INF INF INF INF 316 -2930 INF INF INF INF INF INF INF 36 -2326 INF INF INF INF INF INF INF -1042 -3561
INF INF INF INF INF INF INF INF 0 INF INF INF INF INF INF INF INF 1237 INF INF INF INF INF INF INF INF 2437 INF INF INF INF INF INF INF INF 1153 INF INF INF INF INF INF INF INF 3075 INF INF INF INF INF INF INF INF 4064 INF INF INF INF INF INF INF INF 3163 INF INF INF INF INF INF INF INF 3767 INF INF INF INF INF INF INF INF 2532
INF INF INF INF INF INF INF INF INF 0 -81 -212 -1323 -1704 -2029 -1007 175 -1383 1862 1198 591 -2877 -3288 -4013 -2932 -1620 -3485 3609 629 1690 -2321 -4954 -5997 -5693 -6217 -7702 4688 1081 -541 -3069 -6633 -7784 -7459 -6358 -5805 3361 1942 -642 -3045 -5935 -7525 -8411 -9870 -11038 2029 1107 -2418 -3866 -4038 -9222 -9886 -10312 -11939 910 1412 -854 -5455 -4483 -8469 -8468 -10592 -11335 2358 1404 -1792 -6795 -8419 -9905 -10667 -12272 -12570
INF INF INF INF INF INF INF INF INF INF 0 -131 -1242 -1623 -1948 -926 256 -1302 INF 1279 672 -2796 -3207 -3932 -2851 -1539 -3404 INF 710 1771 -2240 -4873 -5916 -5612 -6136 -7621 INF 1162 -460 -2988 -6552 -7703 -7378 -6277 -5724 INF 2023 -561 -2964 -5854 -7444 -8330 -9789 -10957 INF 1188 -2337 -3785 -3957 -9141 -9805 -10231 -11858 INF 1493 -773 -5374 -4402 -8388 -8387 -10511 -11254 INF 1485 -1711 -6714 -8338 -9824 -10586 -12191 -12489
INF INF INF INF INF INF INF INF INF INF INF 0 -1111 -1492 -1817 -795 387 -1171 INF INF 1794 -2665 -3076 -3801 -2720 -1408 -3273 INF INF 3207 -2109 -4742 -5785 -5481 -6005 -7490 INF INF 2622 -2857 -6421 -7572 -7247 -6146 -5593 INF INF 2521 -2833 -5723 -7313 -8199 -9658 -10826 INF INF 745 -3654 -3826 -9010 -9674 -10100 -11727 INF INF 2309 -5243 -4271 -8257 -8256 -10380 -11123 INF INF 1371 -6583 -8207 -9693 -10455 -12060 -12358
INF INF INF INF INF INF INF INF INF INF INF INF 0 -381 -706 316 1498 -60 INF INF INF -1554 -1965 -2690 -1609 -297 -2162 INF INF INF -998 -3631 -4674 -4370 -4894 -6379 INF INF INF -1746 -5310 -6461 -6136 -5035 -4482 INF INF INF -1722 -4612 -6202 -7088 -8547 -9715 INF INF INF -2543 -2715 -7899 -8563 -8989 -10616 INF INF INF -4132 -3160 -7146 -7145 -9269 -10012 INF INF INF -5472 -7096 -8582 -9344 -10949 -11247
INF INF INF INF INF INF INF INF INF INF INF INF INF 0 -325 697 1879 321 INF INF INF INF 655 -2309 -1228 84 -1781 INF INF INF INF -1011 -2256 -1952 -2476 -3961 INF INF INF INF -2690 -3841 -3718 -2617 -2064 INF INF INF INF -1992 -3582 -4468 -5927 -7095 INF INF INF INF -95 -5279 -5943 -6369 -7996 INF INF INF INF 1028 -4526 -4525 -6649 -7392 INF INF INF INF -464 -3355 -4117 -7727 -8627
INF INF INF INF INF INF INF INF INF INF INF INF INF INF 0 1022 2204 646 INF INF INF INF INF -1984 -903 409 -1456 INF INF INF INF INF -1931 -1627 -2151 -3636 INF INF INF INF INF -737 -3393 -2292 -1739 INF INF INF INF INF -478 -2404 -3863 -5031 INF INF INF INF INF -2175 -3879 -4305 -5932 INF INF INF INF INF -1422 -1914 -4585 -5328 INF INF INF INF INF -251 -1013 -5663 -6563
INF INF INF INF INF INF INF INF INF INF INF INF INF INF INF 0 1182 -376 INF INF INF INF INF INF -1925 -613 -2478 INF INF INF INF INF INF -435 -2189 -3762 INF INF INF INF INF INF -2201 -2330 -1840 INF INF INF INF INF INF -1212 -2671 -3839 INF INF INF INF INF INF -2687 -3113 -4740 INF INF INF INF INF INF -722 -3393 -4136 INF INF INF INF INF INF 438 -4471 -5371
INF INF INF INF INF INF INF INF INF INF INF INF INF INF INF INF 0 -1558 INF INF INF INF INF INF INF -1309 -3174 INF INF INF INF INF INF INF -2885 -4458 INF INF INF INF INF INF INF -3026 -2536 INF INF INF INF INF INF INF -1720 -2888 INF INF INF INF INF INF INF -543 -3789 INF INF INF INF INF INF INF -823 -3185 INF INF INF INF INF INF INF -1901 -4420
INF INF INF INF INF INF INF INF INF INF INF INF INF INF INF INF INF 0 INF INF INF INF INF INF INF INF 1200 INF INF INF INF INF INF INF INF -84 INF INF INF INF INF INF INF INF 1838 INF INF INF INF INF INF INF INF 2827 INF INF INF INF INF INF INF INF 1926 INF INF INF INF INF INF INF INF 2530 INF INF INF INF INF INF INF INF 1295
INF INF INF INF INF INF INF INF INF INF INF INF INF INF INF INF INF INF 0 288 -319 280 -131 1002 2267 3579 1714 1747 -281 780 836 -1797 -2840 -2536 -3060 -4545 2826 171 -1451 -1738 -3476 -4627 -4302 -3201 -2648 1499 1032 -1552 -3346 -3815 -4368 -5254 -6713 -7881 167 197 -3328 -4167 -2815 -6065 -6729 -7155 -8782 -952 -40 -1764 -5756 -4784 -5312 -5311 -7435 -8178 496 -331 -2702 -7096 -8720 -10206 -10968 -12573 -12623
INF INF INF INF INF INF INF INF INF INF INF INF INF INF INF INF INF INF INF 0 -607 -8 -419 714 1979 3291 1426 INF -569 492 548 -2085 -3128 -2824 -3348 -4833 INF -117 -1739 -2026 -3764 -4915 -4590 -3489 -2936 INF 744 -1840 -3634 -4103 -4656 -5542 -7001 -8169 INF -91 -3616 -4455 -3103 -6353 -7017 -7443 -9070 INF 214 -2052 -6044 -5072 -5600 -5599 -7723 -8466 INF 206 -2990 -7384 -9008 -10494 -11256 -12861 -12911
INF INF INF INF INF INF INF INF INF INF INF INF INF INF INF INF INF INF INF INF 0 599 188 1321 2586 3898 2033 INF INF 1413 1155 -1478 -2521 -2217 -2741 -4226 INF INF 828 407 -3157 -4308 -3983 -2882 -2329 INF INF 727 -1067 -2459 -4049 -4935 -6394 -7562 INF INF -1049 -1888 -562 -5746 -6410 -6836 -8463 INF INF 515 -3477 -2505 -4993 -4992 -7116 -7859 INF INF -423 -4817 -6441 -7927 -8689 -10294 -10344
INF INF INF INF INF INF INF INF INF INF INF INF INF INF INF INF INF INF INF INF INF 0 -411 722 1987 3299 1434 INF INF INF 556 -2077 -3120 -2816 -3340 -4825 INF INF INF -192 -3756 -4907 -4582 -3481 -2928 INF INF INF -168 -3058 -4648 -5534 -6993 -8161 INF INF INF -989 -1161 -6345 -7009 -7435 -9062 INF INF INF -2578 -1606 -5592 -5591 -7715 -8458 INF INF INF -3918 -5542 -7028 -7790 -9395 -9693
INF INF INF INF INF INF INF INF INF INF INF INF INF INF INF INF INF INF INF INF INF INF 0 1133 2398 3710 1845 INF INF INF INF -1666 -2709 -2405 -2929 -4414 INF INF INF INF -3345 -4496 -4171 -3070 -2517 INF INF INF INF -2647 -4237 -5123 -6582 -7750 INF INF INF INF -750 -5934 -6598 -7024 -8651 INF INF INF INF 373 -5181 -5180 -7304 -8047 INF INF INF INF -1119 -4010 -4772 -8382 -9282
INF INF INF INF INF INF INF INF INF INF INF INF INF INF INF INF INF INF INF INF INF INF INF 0 1265 2577 712 INF INF INF INF INF 53 357 -167 -1652 INF INF INF INF INF 1247 -1409 -308 245 INF INF INF INF INF 1506 -420 -1879 -3047 INF INF INF INF INF -191 -1895 -2321 -3948 INF INF INF INF INF 562 70 -2601 -3344 INF INF INF INF INF 1733 971 -3679 -4579
INF INF INF INF INF INF INF INF INF INF INF INF INF INF INF INF INF INF INF INF INF INF INF INF 0 1312 -553 INF INF INF INF INF INF 1490 -264 -1837 INF INF INF INF INF INF -276 -405 85 INF INF INF INF INF INF 713 -746 -1914 INF INF INF INF INF INF -762 -1188 -2815 INF INF INF INF INF INF 1203 -1468 -2211 INF INF INF INF INF INF 2363 -2546 -3446
INF INF INF INF INF INF INF INF INF INF INF INF INF INF INF INF INF INF INF INF INF INF INF INF INF 0 -1865 INF INF INF INF INF INF INF -1576 -3149 INF INF INF INF INF INF INF -1717 -1227 INF INF INF INF INF INF INF -411 -1579 INF INF INF INF INF INF INF 766 -2480 INF INF INF INF INF INF INF 486 -1876 INF INF INF INF INF INF INF -592 -3111
INF INF INF INF INF INF INF INF INF INF INF INF INF INF INF INF INF INF INF INF INF INF INF INF INF INF 0 INF INF INF INF INF INF INF INF -1284 INF INF INF INF INF INF INF INF 638 INF INF INF INF INF INF INF INF 1627 INF INF INF INF INF INF INF INF 726 INF INF INF INF INF INF INF INF 1330 INF INF INF INF INF INF INF INF 95
INF INF INF INF INF INF INF INF INF INF INF INF INF INF INF INF INF INF INF INF INF INF INF INF INF INF INF 0 -50 1011 1080 524 -519 -215 -739 -2224 1079 402 -1220 -1507 -1155 -2306 -1981 -880 -327 -248 467 -1321 -3115 -3584 -3955 -4841 -6300 -7468 -1580 -368 -3097 -3936 -2584 -5652 -6316 -6742 -8369 -2699 -1787 -2050 -5525 -4553 -4899 -4898 -7022 -7765 -1251 -2078 -2988 -6865 -8489 -9975 -10737 -12342 -12392
INF INF INF INF INF INF INF INF INF INF INF INF INF INF INF INF INF INF INF INF INF INF INF INF INF INF INF INF 0 1061 1130 574 -469 -165 -689 -2174 INF 452 -1170 -1457 -1105 -2256 -1931 -830 -277 INF 1313 -1271 -3065 -3534 -3905 -4791 -6250 -7418 INF 478 -3047 -3886 -2534 -5602 -6266 -6692 -8319 INF 783 -1483 -5475 -4503 -4849 -4848 -6972 -7715 INF 775 -2421 -6815 -8439 -9925 -10687 -12292 -12342
INF INF INF INF INF INF INF INF INF INF INF INF INF INF INF INF INF INF INF INF INF INF INF INF INF INF INF INF INF 0 69 -487 -1530 -1226 -1750 -3235 INF INF -585 -872 -2166 -3317 -2992 -1891 -1338 INF INF -686 -2480 -2949 -3320 -4206 -5665 -6833 INF INF -2462 -3301 -1949 -5017 -5681 -6107 -7734 INF INF -898 -4890 -3918 -4264 -4263 -6387 -7130 INF INF -1836 -6230 -7854 -9340 -10102 -11707 -11757
INF INF INF INF INF INF INF INF INF INF INF INF INF INF INF INF INF INF INF INF INF INF INF INF INF INF INF INF INF INF 0 -556 -1599 -1295 -1819 -3304 INF INF INF -748 -2235 -3386 -3061 -1960 -1407 INF INF INF -724 -1537 -3127 -4013 -5472 -6640 INF INF INF -1545 -193 -4824 -5488 -5914 -7541 INF INF INF -3134 -2162 -4071 -4070 -6194 -6937 INF INF INF -4474 -6098 -7584 -8346 -9951 -10001
INF INF INF INF INF INF INF INF INF INF INF INF INF INF INF INF INF INF INF INF INF INF INF INF INF INF INF INF INF INF INF 0 -1043 -739 -1263 -2748 INF INF INF INF -1679 -2830 -2505 -1404 -851 INF INF INF INF -981 -2571 -3457 -4916 -6084 INF INF INF INF 916 -4268 -4932 -5358 -6985 INF INF INF INF 2039 -3515 -3514 -5638 -6381 INF INF INF INF 547 -2344 -3106 -6716 -7616
INF INF INF INF INF INF INF INF INF INF INF INF INF INF INF INF INF INF INF INF INF INF INF INF INF INF INF INF INF INF INF INF 0 304 -220 -1705 INF INF INF INF INF 1194 -1462 -361 192 INF INF INF INF INF 1453 -473 -1932 -3100 INF INF INF INF INF -244 -1948 -2374 -4001 INF INF INF INF INF 509 17 -2654 -3397 INF INF INF INF INF 1680 918 -3732 -4632
INF INF INF INF INF INF INF INF INF INF INF INF INF INF INF INF INF INF INF INF INF INF INF INF INF INF INF INF INF INF INF INF INF 0 -524 -2009 INF INF INF INF INF INF -1766 -665 -112 INF INF INF INF INF INF -777 -2236 -3404 INF INF INF INF INF INF -2252 -2678 -4305 INF INF INF INF INF INF -287 -2958 -3701 INF INF INF INF INF INF 873 -4036 -4936
INF INF INF INF INF INF INF INF INF INF INF INF INF INF INF INF INF INF INF INF INF INF INF INF INF INF INF INF INF INF INF INF INF INF 0 -1485 INF INF INF INF INF INF INF -141 412 INF INF INF INF INF INF INF 1165 -3 INF INF INF INF INF INF INF 2342 -904 INF INF INF INF INF INF INF 2062 -300 INF INF INF INF INF INF INF 984 -1535
INF INF INF INF INF INF INF INF INF INF INF INF INF INF INF INF INF INF INF INF INF INF INF INF INF INF INF INF INF INF INF INF INF INF INF 0 INF INF INF INF INF INF INF INF 1922 INF INF INF INF INF INF INF INF 2911 INF INF INF INF INF INF INF INF 2010 INF INF INF INF INF INF INF INF 2614 INF INF INF INF INF INF INF INF 1379
INF INF INF INF INF INF INF INF INF INF INF INF INF INF INF INF INF INF INF INF INF INF INF INF INF INF INF INF INF INF INF INF INF INF INF INF 0 -150 -1772 -2059 -667 -1818 -198 1406 1959 -1327 -612 -1873 -3667 -4136 -4507 -5393 -6852 -8020 -2659 -1447 -3649 -4488 -3136 -6204 -6868 -7294 -8921 -3778 -2866 -3129 -6077 -5105 -5451 -5450 -7574 -8317 -2330 -3157 -4067 -7417 -9041 -10527 -11289 -12894 -12944
INF INF INF INF INF INF INF INF INF INF INF INF INF INF INF INF INF INF INF INF INF INF INF INF INF INF INF INF INF INF INF INF INF INF INF INF INF 0 -1622 -1909 -517 -1668 -48 1556 2109 INF 861 -1723 -3517 -3986 -4357 -5243 -6702 -7870 INF 26 -3499 -4338 -2986 -6054 -6718 -7144 -8771 INF 331 -1935 -5927 -4955 -5301 -5300 -7424 -8167 INF 323 -2873 -7267 -8891 -10377 -11139 -12744 -12794
INF INF INF INF INF INF INF INF INF INF INF INF INF INF INF INF INF INF INF INF INF INF INF INF INF INF INF INF INF INF INF INF INF INF INF INF INF INF 0 -287 1105 -46 1574 3178 3731 INF INF -101 -1895 -2364 -2735 -3621 -5080 -6248 INF INF -1877 -2716 -1364 -4432 -5096 -5522 -7149 INF INF -313 -4305 -3333 -3679 -3678 -5802 -6545 INF INF -1251 -5645 -7269 -8755 -9517 -11122 -11172
INF INF INF INF INF INF INF INF INF INF INF INF INF INF INF INF INF INF INF INF INF INF INF INF INF INF INF INF INF INF INF INF INF INF INF INF INF INF INF 0 1392 241 1861 3465 4018 INF INF INF 24 -445 -816 -1702 -3161 -4329 INF INF INF -797 555 -2513 -3177 -3603 -5230 INF INF INF -2386 -1414 -1760 -1759 -3883 -4626 INF INF INF -3726 -5350 -6836 -7598 -9203 -9253
INF INF INF INF INF INF INF INF INF INF INF INF INF INF INF INF INF INF INF INF INF INF INF INF INF INF INF INF INF INF INF INF INF INF INF INF INF INF INF INF 0 -1151 469 2073 2626 INF INF INF INF 698 -892 -1778 -3237 -4405 INF INF INF INF 2595 -2589 -3253 -3679 -5306 INF INF INF INF 3718 -1836 -1835 -3959 -4702 INF INF INF INF 2226 -665 -1427 -5037 -5937
INF INF INF INF INF INF INF INF INF INF INF INF INF INF INF INF INF INF INF INF INF INF INF INF INF INF INF INF INF INF INF INF INF INF INF INF INF INF INF INF INF 0 1620 3224 3777 INF INF INF INF INF 259 -627 -2086 -3254 INF INF INF INF INF -1438 -2102 -2528 -4155 INF INF INF INF INF -685 -684 -2808 -3551 INF INF INF INF INF 486 -276 -3886 -4786
INF INF INF INF INF INF INF INF INF INF INF INF INF INF INF INF INF INF INF INF INF INF INF INF INF INF INF INF INF INF INF INF INF INF INF INF INF INF INF INF INF INF 0 1604 2157 INF INF INF INF INF INF 989 -470 -1638 INF INF INF INF INF INF -486 -912 -2539 INF INF INF INF INF INF 1479 -1192 -1935 INF INF INF INF INF INF 2639 -2270 -3170
INF INF INF INF INF INF INF INF INF INF INF INF INF INF INF INF INF INF INF INF INF INF INF INF INF INF INF INF INF INF INF INF INF INF INF INF INF INF INF INF INF INF INF 0 553 INF INF INF INF INF INF INF 1306 138 INF INF INF INF INF INF INF 2483 -763 INF INF INF INF INF INF INF 2203 -159 INF INF INF INF INF INF INF 1125 -1394
INF INF INF INF INF INF INF INF INF INF INF INF INF INF INF INF INF INF INF INF INF INF INF INF INF INF INF INF INF INF INF INF INF INF INF INF INF INF INF INF INF INF INF INF 0 INF INF INF INF INF INF INF INF 989 INF INF INF INF INF INF INF INF 88 INF INF INF INF INF INF INF INF 692 INF INF INF INF INF INF INF INF -543
INF INF INF INF INF INF INF INF INF INF INF INF INF INF INF INF INF INF INF INF INF INF INF INF INF INF INF INF INF INF INF INF INF INF INF INF INF INF INF INF INF INF INF INF INF 0 715 627 -1167 -1636 -2007 -2893 -4352 -5520 -1332 -120 -1494 -1988 -636 -3704 -4368 -4794 -6421 -2451 -1539 -1802 -3577 -2605 -2951 -2950 -5074 -5817 -1003 -1830 -2740 -4917 -6541 -8027 -8789 -10394 -10444
INF INF INF INF INF INF INF INF INF INF INF INF INF INF INF INF INF INF INF INF INF INF INF INF INF INF INF INF INF INF INF INF INF INF INF INF INF INF INF INF INF INF INF INF INF INF 0 -88 -1882 -2351 -2722 -3608 -5067 -6235 INF -835 -2209 -2703 -1351 -4419 -5083 -5509 -7136 INF -530 -793 -4292 -3320 -3666 -3665 -5789 -6532 INF -538 -1731 -5632 -7256 -8742 -9504 -11109 -11159
INF INF INF INF INF INF INF INF INF INF INF INF INF INF INF INF INF INF INF INF INF INF INF INF INF INF INF INF INF INF INF INF INF INF INF INF INF INF INF INF INF INF INF INF INF INF INF 0 -1794 -2263 -2634 -3520 -4979 -6147 INF INF -1776 -2615 -1263 -4331 -4995 -5421 -7048 INF INF -212 -4204 -3232 -3578 -3577 -5701 -6444 INF INF -1150 -5544 -7168 -8654 -9416 -11021 -11071
INF INF INF INF INF INF INF INF INF INF INF INF INF INF INF INF INF INF INF INF INF INF INF INF INF INF INF INF INF INF INF INF INF INF INF INF INF INF INF INF INF INF INF INF INF INF INF INF 0 -469 -840 -1726 -3185 -4353 INF INF INF -821 531 -2537 -3201 -3627 -5254 INF INF INF -2410 -1438 -1784 -1783 -3907 -4650 INF INF INF -3750 -5374 -6860 -7622 -9227 -9277
INF INF INF INF INF INF INF INF INF INF INF INF INF INF INF INF INF INF INF INF INF INF INF INF INF INF INF INF INF INF INF INF INF INF INF INF INF INF INF INF INF INF INF INF INF INF INF INF INF 0 -371 -1257 -2716 -3884 INF INF INF INF 1897 -2068 -2732 -3158 -4785 INF INF INF INF 3020 -1315 -1314 -3438 -4181 INF INF INF INF 1528 -144 -906 -4516 -5416
INF INF INF INF INF INF INF INF INF INF INF INF INF INF INF INF INF INF INF INF INF INF INF INF INF INF INF INF INF INF INF INF INF INF INF INF INF INF INF INF INF INF INF INF INF INF INF INF INF INF 0 -886 -2345 -3513 INF INF INF INF INF -1697 -2361 -2787 -4414 INF INF INF INF INF -944 -943 -3067 -3810 INF INF INF INF INF 227 -535 -4145 -5045
INF INF INF INF INF INF INF INF INF INF INF INF INF INF INF INF INF INF INF INF INF INF INF INF INF INF INF INF INF INF INF INF INF INF INF INF INF INF INF INF INF INF INF INF INF INF INF INF INF INF INF 0 -1459 -2627 INF INF INF INF INF INF -1475 -1901 -3528 INF INF INF INF INF INF 490 -2181 -2924 INF INF INF INF INF INF 1650 -3259 -4159
INF INF INF INF INF INF INF INF INF INF INF INF INF INF INF INF INF INF INF INF INF INF INF INF INF INF INF INF INF INF INF INF INF INF INF INF INF INF INF INF INF INF INF INF INF INF INF INF INF INF INF INF 0 -1168 INF INF INF INF INF INF INF 1177 -2069 INF INF INF INF INF INF INF 897 -1465 INF INF INF INF INF INF INF -181 -2700
INF INF INF INF INF INF INF INF INF INF INF INF INF INF INF INF INF INF INF INF INF INF INF INF INF INF INF INF INF INF INF INF INF INF INF INF INF INF INF INF INF INF INF INF INF INF INF INF INF INF INF INF INF 0 INF INF INF INF INF INF INF INF -901 INF INF INF INF INF INF INF INF -297 INF INF INF INF INF INF INF INF -1532
INF INF INF INF INF INF INF INF INF INF INF INF INF INF INF INF INF INF INF INF INF INF INF INF INF INF INF INF INF INF INF INF INF INF INF INF INF INF INF INF INF INF INF INF INF INF INF INF INF INF INF INF INF INF 0 1845 471 1312 2664 3830 3597 3171 2929 -1119 -207 -470 -277 695 2647 2648 1187 2581 329 -498 -1408 -3129 -4753 -6239 -7001 -8606 -8656
INF INF INF INF INF INF INF INF INF INF INF INF INF INF INF INF INF INF INF INF INF INF INF INF INF INF INF INF INF INF INF INF INF INF INF INF INF INF INF INF INF INF INF INF INF INF INF INF INF INF INF INF INF INF INF 0 -1374 -533 819 1985 1752 1326 1084 INF 305 42 -2122 -1150 802 803 -658 736 INF 297 -896 -3462 -5086 -6572 -7334 -8939 -8989
INF INF INF INF INF INF INF INF INF INF INF INF INF INF INF INF INF INF INF INF INF INF INF INF INF INF INF INF INF INF INF INF INF INF INF INF INF INF INF INF INF INF INF INF INF INF INF INF INF INF INF INF INF INF INF INF 0 841 2193 3359 3126 2700 2458 INF INF 1564 -748 224 2176 2177 716 2110 INF INF 626 -2088 -3712 -5198 -5960 -7565 -7615
INF INF INF INF INF INF INF INF INF INF INF INF INF INF INF INF INF INF INF INF INF INF INF INF INF INF INF INF INF INF INF INF INF INF INF INF INF INF INF INF INF INF INF INF INF INF INF INF INF INF INF INF INF INF INF INF INF 0 1352 2518 2285 1859 1617 INF INF INF -1589 -617 1335 1336 -125 1269 INF INF INF -2929 -4553 -6039 -6801 -8406 -8456
INF INF INF INF INF INF INF INF INF INF INF INF INF INF INF INF INF INF INF INF INF INF INF INF INF INF INF INF INF INF INF INF INF INF INF INF INF INF INF INF INF INF INF INF INF INF INF INF INF INF INF INF INF INF INF INF INF INF 0 1166 933 507 265 INF INF INF INF 1123 1919 1920 227 869 INF INF INF INF -369 -1855 -2617 -4222 -4272
INF INF INF INF INF INF INF INF INF INF INF INF INF INF INF INF INF INF INF INF INF INF INF INF INF INF INF INF INF INF INF INF INF INF INF INF INF INF INF INF INF INF INF INF INF INF INF INF INF INF INF INF INF INF INF INF INF INF INF 0 -233 -659 -901 INF INF INF INF INF 753 754 -939 -297 INF INF INF INF INF 1924 1162 -2017 -2067
INF INF INF INF INF INF INF INF INF INF INF INF INF INF INF INF INF INF INF INF INF INF INF INF INF INF INF INF INF INF INF INF INF INF INF INF INF INF INF INF INF INF INF INF INF INF INF INF INF INF INF INF INF INF INF INF INF INF INF INF 0 -426 -668 INF INF INF INF INF INF 1965 -706 -64 INF INF INF INF INF INF 3125 -1784 -1834
INF INF INF INF INF INF INF INF INF INF INF INF INF INF INF INF INF INF INF INF INF INF INF INF INF INF INF INF INF INF INF INF INF INF INF INF INF INF INF INF INF INF INF INF INF INF INF INF INF INF INF INF INF INF INF INF INF INF INF INF INF 0 -242 INF INF INF INF INF INF INF -280 362 INF INF INF INF INF INF INF -1358 -1408
INF INF INF INF INF INF INF INF INF INF INF INF INF INF INF INF INF INF INF INF INF INF INF INF INF INF INF INF INF INF INF INF INF INF INF INF INF INF INF INF INF INF INF INF INF INF INF INF INF INF INF INF INF INF INF INF INF INF INF INF INF INF 0 INF INF INF INF INF INF INF INF 604 INF INF INF INF INF INF INF INF -631
INF INF INF INF INF INF INF INF INF INF INF INF INF INF INF INF INF INF INF INF INF INF INF INF INF INF INF INF INF INF INF INF INF INF INF INF INF INF INF INF INF INF INF INF INF INF INF INF INF INF INF INF INF INF INF INF INF INF INF INF INF INF INF 0 912 649 2415 3387 5339 5340 3879 5273 1448 621 -289 -2010 -3634 -5120 -5882 -7487 -7537
INF INF INF INF INF INF INF INF INF INF INF INF INF INF INF INF INF INF INF INF INF INF INF INF INF INF INF INF INF INF INF INF INF INF INF INF INF INF INF INF INF INF INF INF INF INF INF INF INF INF INF INF INF INF INF INF INF INF INF INF INF INF INF INF 0 -263 1503 2475 4427 4428 2967 4361 INF -8 -1201 -2922 -4546 -6032 -6794 -8399 -8449
INF INF INF INF INF INF INF INF INF INF INF INF INF INF INF INF INF INF INF INF INF INF INF INF INF INF INF INF INF INF INF INF INF INF INF INF INF INF INF INF INF INF INF INF INF INF INF INF INF INF INF INF INF INF INF INF INF INF INF INF INF INF INF INF INF 0 1766 2738 4690 4691 3230 4624 INF INF -938 -2659 -4283 -5769 -6531 -8136 -8186
INF INF INF INF INF INF INF INF INF INF INF INF INF INF INF INF INF INF INF INF INF INF INF INF INF INF INF INF INF INF INF INF INF INF INF INF INF INF INF INF INF INF INF INF INF INF INF INF INF INF INF INF INF INF INF INF INF INF INF INF INF INF INF INF INF INF 0 972 2924 2925 1464 2858 INF INF INF -1340 -2964 -4450 -5212 -6817 -6867
INF INF INF INF INF INF INF INF INF INF INF INF INF INF INF INF INF INF INF INF INF INF INF INF INF INF INF INF INF INF INF INF INF INF INF INF INF INF INF INF INF INF INF INF INF INF INF INF INF INF INF INF INF INF INF INF INF INF INF INF INF INF INF INF INF INF INF 0 1952 1953 492 1886 INF INF INF INF -1492 -2978 -3740 -5345 -5395
INF INF INF INF INF INF INF INF INF INF INF INF INF INF INF INF INF INF INF INF INF INF INF INF INF INF INF INF INF INF INF INF INF INF INF INF INF INF INF INF INF INF INF INF INF INF INF INF INF INF INF INF INF INF INF INF INF INF INF INF INF INF INF INF INF INF INF INF 0 1 -1460 -66 INF INF INF INF INF 1171 409 -2538 -2588
INF INF INF INF INF INF INF INF INF INF INF INF INF INF INF INF INF INF INF INF INF INF INF INF INF INF INF INF INF INF INF INF INF INF INF INF INF INF INF INF INF INF INF INF INF INF INF INF INF INF INF INF INF INF INF INF INF INF INF INF INF INF INF INF INF INF INF INF INF 0 -1461 -67 INF INF INF INF INF INF 1160 -2539 -2589
INF INF INF INF INF INF INF INF INF INF INF INF INF INF INF INF INF INF INF INF INF INF INF INF INF INF INF INF INF INF INF INF INF INF INF INF INF INF INF INF INF INF INF INF INF INF INF INF INF INF INF INF INF INF INF INF INF INF INF INF INF INF INF INF INF INF INF INF INF INF 0 1394 INF INF INF INF INF INF INF -1078 -1128
INF INF INF INF INF INF INF INF INF INF INF INF INF INF INF INF INF INF INF INF INF INF INF INF INF INF INF INF INF INF INF INF INF INF INF INF INF INF INF INF INF INF INF INF INF INF INF INF INF INF INF INF INF INF INF INF INF INF INF INF INF INF INF INF INF INF INF INF INF INF INF 0 INF INF INF INF INF INF INF INF -1235
INF INF INF INF INF INF INF INF INF INF INF INF INF INF INF INF INF INF INF INF INF INF INF INF INF INF INF INF INF INF INF INF INF INF INF INF INF INF INF INF INF INF INF INF INF INF INF INF INF INF INF INF INF INF INF INF INF INF INF INF INF INF INF INF INF INF INF INF INF INF INF INF 0 -827 795 -926 -2550 -4036 -4798 -6403 -6453
INF INF INF INF INF INF INF INF INF INF INF INF INF INF INF INF INF INF INF INF INF INF INF INF INF INF INF INF INF INF INF INF INF INF INF INF INF INF INF INF INF INF INF INF INF INF INF INF INF INF INF INF INF INF INF INF INF INF INF INF INF INF INF INF INF INF INF INF INF INF INF INF INF 0 1622 -99 -1723 -3209 -3971 -5576 -5626
INF INF INF INF INF INF INF INF INF INF INF INF INF INF INF INF INF INF INF INF INF INF INF INF INF INF INF INF INF INF INF INF INF INF INF INF INF INF INF INF INF INF INF INF INF INF INF INF INF INF INF INF INF INF INF INF INF INF INF INF INF INF INF INF INF INF INF INF INF INF INF INF INF INF 0 -1721 -3345 -4831 -5593 -7198 -7248
INF INF INF INF INF INF INF INF INF INF INF INF INF INF INF INF INF INF INF INF INF INF INF INF INF INF INF INF INF INF INF INF INF INF INF INF INF INF INF INF INF INF INF INF INF INF INF INF INF INF INF INF INF INF INF INF INF INF INF INF INF INF INF INF INF INF INF INF INF INF INF INF INF INF INF 0 -1624 -3110 -3872 -5477 -5527
INF INF INF INF INF INF INF INF INF INF INF INF INF INF INF INF INF INF INF INF INF INF INF INF INF INF INF INF INF INF INF INF INF INF INF INF INF INF INF INF INF INF INF INF INF INF INF INF INF INF INF INF INF INF INF INF INF INF INF INF INF INF INF INF INF INF INF INF INF INF INF INF INF INF INF INF 0 -1486 -2248 -3853 -3903
INF INF INF INF INF INF INF INF INF INF INF INF INF INF INF INF INF INF INF INF INF INF INF INF INF INF INF INF INF INF INF INF INF INF INF INF INF INF INF INF INF INF INF INF INF INF INF INF INF INF INF INF INF INF INF INF INF INF INF INF INF INF INF INF INF INF INF INF INF INF INF INF INF INF INF INF INF 0 -762 -2367 -2417
INF INF INF INF INF INF INF INF INF INF INF INF INF INF INF INF INF INF INF INF INF INF INF INF INF INF INF INF INF INF INF INF INF INF INF INF INF INF INF INF INF INF INF INF INF INF INF INF INF INF INF INF INF INF INF INF INF INF INF INF INF INF INF INF INF INF INF INF INF INF INF INF INF INF INF INF INF INF 0 -1605 -1655
INF INF INF INF INF INF INF INF INF INF INF INF INF INF INF INF INF INF INF INF INF INF INF INF INF INF INF INF INF INF INF INF INF INF INF INF INF INF INF INF INF INF INF INF INF INF INF INF INF INF INF INF INF INF INF INF INF INF INF INF INF INF INF INF INF INF INF INF INF INF INF INF INF INF INF INF INF INF INF 0 -50
INF INF INF INF INF INF INF INF INF INF INF INF INF INF INF INF INF INF INF INF INF INF INF INF INF INF INF INF INF INF INF INF INF INF INF INF INF INF INF INF INF INF INF INF INF INF INF INF INF INF INF INF INF INF INF INF INF INF INF INF INF INF INF INF INF INF INF INF INF INF INF INF INF INF INF INF INF INF INF INF 0
