0 INF INF 2 6 -6 9 3 -3 -13
INF 0 INF INF 7 16 INF -13 INF -4
INF INF 0 -10 -6 -18 -16 -9 -28 -25
INF INF INF 0 4 -8 INF 1 INF -15
INF INF INF INF 0 9 INF INF INF -11
INF INF INF INF INF 0 INF INF INF -7
INF INF INF INF INF INF 0 INF -12 16
INF INF INF INF INF INF INF 0 INF INF
INF INF INF INF INF INF INF INF 0 INF
INF INF INF INF INF INF INF INF INF 0
