0 8 -6 -93 -143 -162 -220 -55 -63 -100 -147 -182 -201 -121 -42 -133 -230 -187 -275 -323 -248 35 -211 -297 -270 -314 -403 -355 -34 -243 -209 -258 -330 -363 -410 -27 -335 -407 -319 -342 -406 -336 -3 -372 -384 -362 -419 -447 -481
INF 0 -14 -101 -151 -170 -228 INF -71 -108 -155 -190 -209 -129 INF -141 -238 -195 -283 -331 -256 INF -219 -305 -278 -322 -411 -363 INF -251 -217 -266 -338 -371 -418 INF -343 -415 -327 -350 -414 -344 INF -380 -392 -370 -427 -455 -489
INF INF 0 -87 -137 -156 -214 INF INF -94 -141 -176 -195 -115 INF INF -168 -125 -269 -317 -242 INF INF -168 -141 -213 -397 -349 INF INF -80 -129 -229 -357 -404 INF INF -58 -37 -181 -329 -330 INF INF 30 26 -258 -309 -411
INF INF INF 0 -50 -69 -127 INF INF INF -49 -89 -108 -28 INF INF INF -21 -182 -230 -155 INF INF INF 54 -126 -310 -262 INF INF INF 131 -142 -270 -317 INF INF INF 223 -94 -242 -243 INF INF INF 286 -171 -222 -324
INF INF INF INF 0 -19 -77 INF INF INF INF -39 -58 22 INF INF INF INF -132 -180 -105 INF INF INF INF -76 -260 -212 INF INF INF INF -92 -220 -267 INF INF INF INF -44 -192 -193 INF INF INF INF -121 -172 -274
INF INF INF INF INF 0 -58 INF INF INF INF INF 19 41 INF INF INF INF INF 22 97 INF INF INF INF INF -58 -10 INF INF INF INF INF -18 -65 INF INF INF INF INF 10 9 INF INF INF INF INF 30 -72
INF INF INF INF INF INF 0 INF INF INF INF INF INF 99 INF INF INF INF INF INF 156 INF INF INF INF INF INF 223 INF INF INF INF INF INF 175 INF INF INF INF INF INF 249 INF INF INF INF INF INF 168
INF INF INF INF INF INF INF 0 61 45 -2 27 8 106 13 -9 -106 -63 -124 -172 -97 90 -87 -173 -146 -190 -252 -204 21 -119 -85 -134 -206 -212 -259 28 -211 -283 -195 -218 -282 -192 52 -248 -260 -238 -295 -323 -357
INF INF INF INF INF INF INF INF 0 -16 -63 -34 -53 45 INF -70 -167 -124 -185 -233 -158 INF -148 -234 -207 -251 -313 -265 INF -180 -146 -195 -267 -273 -320 INF -272 -344 -256 -279 -343 -253 INF -309 -321 -299 -356 -384 -418
INF INF INF INF INF INF INF INF INF 0 -47 -18 -37 61 INF INF -74 -31 -111 -159 -84 INF INF -74 -47 -91 -239 -191 INF INF 14 -35 -107 -199 -246 INF INF 36 57 -59 -171 -172 INF INF 124 120 -136 -164 -253
INF INF INF INF INF INF INF INF INF INF 0 29 10 108 INF INF INF 28 -64 -112 -37 INF INF INF 103 -8 -192 -144 INF INF INF 180 -24 -152 -199 INF INF INF 272 24 -124 -125 INF INF INF 335 -53 -104 -206
INF INF INF INF INF INF INF INF INF INF INF 0 -19 79 INF INF INF INF -93 -141 -66 INF INF INF INF -37 -221 -173 INF INF INF INF -53 -181 -228 INF INF INF INF -5 -153 -154 INF INF INF INF -82 -133 -235
INF INF INF INF INF INF INF INF INF INF INF INF 0 98 INF INF INF INF INF 3 78 INF INF INF INF INF -77 -29 INF INF INF INF INF -37 -84 INF INF INF INF INF -9 -10 INF INF INF INF INF 11 -91
INF INF INF INF INF INF INF INF INF INF INF INF INF 0 INF INF INF INF INF INF 57 INF INF INF INF INF INF 124 INF INF INF INF INF INF 76 INF INF INF INF INF INF 150 INF INF INF INF INF INF 69
INF INF INF INF INF INF INF INF INF INF INF INF INF INF 0 52 -45 -2 -63 -111 -36 77 -26 -112 -85 -129 -191 -143 8 -58 -24 -73 -145 -151 -198 15 -150 -222 -134 -157 -221 -131 39 -187 -199 -177 -234 -262 -296
INF INF INF INF INF INF INF INF INF INF INF INF INF INF INF 0 -97 -54 -115 -163 -88 INF -78 -164 -137 -181 -243 -195 INF -110 -76 -125 -197 -203 -250 INF -202 -274 -186 -209 -273 -183 INF -239 -251 -229 -286 -314 -348
INF INF INF INF INF INF INF INF INF INF INF INF INF INF INF INF 0 43 -18 -66 9 INF INF 0 27 -17 -146 -98 INF INF 88 39 -33 -106 -153 INF INF 110 131 15 -78 -79 INF INF 198 194 -62 -90 -160
INF INF INF INF INF INF INF INF INF INF INF INF INF INF INF INF INF 0 -61 -109 -34 INF INF INF 75 -5 -189 -141 INF INF INF 152 -21 -149 -196 INF INF INF 244 27 -121 -122 INF INF INF 307 -50 -101 -203
INF INF INF INF INF INF INF INF INF INF INF INF INF INF INF INF INF INF 0 -48 27 INF INF INF INF 56 -128 -80 INF INF INF INF 40 -88 -135 INF INF INF INF 88 -60 -61 INF INF INF INF 11 -40 -142
INF INF INF INF INF INF INF INF INF INF INF INF INF INF INF INF INF INF INF 0 75 INF INF INF INF INF -80 -32 INF INF INF INF INF -40 -87 INF INF INF INF INF -12 -13 INF INF INF INF INF 8 -94
INF INF INF INF INF INF INF INF INF INF INF INF INF INF INF INF INF INF INF INF 0 INF INF INF INF INF INF 67 INF INF INF INF INF INF 19 INF INF INF INF INF INF 93 INF INF INF INF INF INF 12
INF INF INF INF INF INF INF INF INF INF INF INF INF INF INF INF INF INF INF INF INF 0 -5 -91 -64 -108 -108 -60 -69 -61 -3 -52 -124 -119 -166 -62 -153 -225 -137 -160 -224 -134 -38 -190 -202 -180 -237 -265 -299
INF INF INF INF INF INF INF INF INF INF INF INF INF INF INF INF INF INF INF INF INF INF 0 -86 -59 -103 -103 -55 INF -32 2 -47 -119 -114 -161 INF -124 -196 -108 -131 -195 -105 INF -161 -173 -151 -208 -236 -270
INF INF INF INF INF INF INF INF INF INF INF INF INF INF INF INF INF INF INF INF INF INF INF 0 27 -17 -17 31 INF INF 88 39 -33 -28 -75 INF INF 110 131 15 -49 -1 INF INF 198 194 -62 -90 -124
INF INF INF INF INF INF INF INF INF INF INF INF INF INF INF INF INF INF INF INF INF INF INF INF 0 -44 -44 4 INF INF INF 77 -60 -55 -102 INF INF INF 169 -12 -76 -28 INF INF INF 232 -89 -117 -151
INF INF INF INF INF INF INF INF INF INF INF INF INF INF INF INF INF INF INF INF INF INF INF INF INF 0 0 48 INF INF INF INF -16 -11 -58 INF INF INF INF 32 -32 16 INF INF INF INF -45 -73 -107
INF INF INF INF INF INF INF INF INF INF INF INF INF INF INF INF INF INF INF INF INF INF INF INF INF INF 0 48 INF INF INF INF INF 40 -7 INF INF INF INF INF 68 67 INF INF INF INF INF 88 -14
INF INF INF INF INF INF INF INF INF INF INF INF INF INF INF INF INF INF INF INF INF INF INF INF INF INF INF 0 INF INF INF INF INF INF -48 INF INF INF INF INF INF 26 INF INF INF INF INF INF -55
INF INF INF INF INF INF INF INF INF INF INF INF INF INF INF INF INF INF INF INF INF INF INF INF INF INF INF INF 0 8 94 45 130 135 88 7 -84 -156 -68 -91 -155 -65 31 -121 -133 -111 -168 -196 -230
INF INF INF INF INF INF INF INF INF INF INF INF INF INF INF INF INF INF INF INF INF INF INF INF INF INF INF INF INF 0 86 37 122 127 80 INF -92 -164 -76 -99 -163 -73 INF -129 -141 -119 -176 -204 -238
INF INF INF INF INF INF INF INF INF INF INF INF INF INF INF INF INF INF INF INF INF INF INF INF INF INF INF INF INF INF 0 -49 36 41 -6 INF INF 22 43 20 -44 46 INF INF 110 106 -57 -85 -119
INF INF INF INF INF INF INF INF INF INF INF INF INF INF INF INF INF INF INF INF INF INF INF INF INF INF INF INF INF INF INF 0 85 90 43 INF INF INF 92 69 5 95 INF INF INF 155 -8 -36 -70
INF INF INF INF INF INF INF INF INF INF INF INF INF INF INF INF INF INF INF INF INF INF INF INF INF INF INF INF INF INF INF INF 0 5 -42 INF INF INF INF 48 -16 32 INF INF INF INF -29 -57 -91
INF INF INF INF INF INF INF INF INF INF INF INF INF INF INF INF INF INF INF INF INF INF INF INF INF INF INF INF INF INF INF INF INF 0 -47 INF INF INF INF INF 28 27 INF INF INF INF INF 48 -54
INF INF INF INF INF INF INF INF INF INF INF INF INF INF INF INF INF INF INF INF INF INF INF INF INF INF INF INF INF INF INF INF INF INF 0 INF INF INF INF INF INF 74 INF INF INF INF INF INF -7
INF INF INF INF INF INF INF INF INF INF INF INF INF INF INF INF INF INF INF INF INF INF INF INF INF INF INF INF INF INF INF INF INF INF INF 0 -70 -142 -54 -77 -141 -51 24 -107 -119 -97 -154 -182 -216
INF INF INF INF INF INF INF INF INF INF INF INF INF INF INF INF INF INF INF INF INF INF INF INF INF INF INF INF INF INF INF INF INF INF INF INF 0 -72 16 -7 -71 19 INF -37 -49 -27 -84 -112 -146
INF INF INF INF INF INF INF INF INF INF INF INF INF INF INF INF INF INF INF INF INF INF INF INF INF INF INF INF INF INF INF INF INF INF INF INF INF 0 88 65 1 91 INF INF 88 110 -12 -40 -74
INF INF INF INF INF INF INF INF INF INF INF INF INF INF INF INF INF INF INF INF INF INF INF INF INF INF INF INF INF INF INF INF INF INF INF INF INF INF 0 -23 -87 3 INF INF INF 63 -100 -128 -162
INF INF INF INF INF INF INF INF INF INF INF INF INF INF INF INF INF INF INF INF INF INF INF INF INF INF INF INF INF INF INF INF INF INF INF INF INF INF INF 0 -64 26 INF INF INF INF -77 -105 -139
INF INF INF INF INF INF INF INF INF INF INF INF INF INF INF INF INF INF INF INF INF INF INF INF INF INF INF INF INF INF INF INF INF INF INF INF INF INF INF INF 0 90 INF INF INF INF INF 20 -14
INF INF INF INF INF INF INF INF INF INF INF INF INF INF INF INF INF INF INF INF INF INF INF INF INF INF INF INF INF INF INF INF INF INF INF INF INF INF INF INF INF 0 INF INF INF INF INF INF -81
INF INF INF INF INF INF INF INF INF INF INF INF INF INF INF INF INF INF INF INF INF INF INF INF INF INF INF INF INF INF INF INF INF INF INF INF INF INF INF INF INF INF 0 1 -11 11 81 53 19
INF INF INF INF INF INF INF INF INF INF INF INF INF INF INF INF INF INF INF INF INF INF INF INF INF INF INF INF INF INF INF INF INF INF INF INF INF INF INF INF INF INF INF 0 -12 10 80 52 18
INF INF INF INF INF INF INF INF INF INF INF INF INF INF INF INF INF INF INF INF INF INF INF INF INF INF INF INF INF INF INF INF INF INF INF INF INF INF INF INF INF INF INF INF 0 22 92 64 30
INF INF INF INF INF INF INF INF INF INF INF INF INF INF INF INF INF INF INF INF INF INF INF INF INF INF INF INF INF INF INF INF INF INF INF INF INF INF INF INF INF INF INF INF INF 0 70 42 8
INF INF INF INF INF INF INF INF INF INF INF INF INF INF INF INF INF INF INF INF INF INF INF INF INF INF INF INF INF INF INF INF INF INF INF INF INF INF INF INF INF INF INF INF INF INF 0 -28 -62
INF INF INF INF INF INF INF INF INF INF INF INF INF INF INF INF INF INF INF INF INF INF INF INF INF INF INF INF INF INF INF INF INF INF INF INF INF INF INF INF INF INF INF INF INF INF INF 0 -34
INF INF INF INF INF INF INF INF INF INF INF INF INF INF INF INF INF INF INF INF INF INF INF INF INF INF INF INF INF INF INF INF INF INF INF INF INF INF INF INF INF INF INF INF INF INF INF INF 0
