36
-10
-49
-64
-47
48
-1
40
16
64
20
-55
8
16
48
54
68
-6
16
4
-18
-24
-54
-9
-13
58
71
-4
48
0
0
-1
-6
-24
-6
34
4
-8
-16
-4
2
-12
2
10
5
9
