0.50000000 -9999.99998750 0.50000000 9999.99998750
