-20.04557939 20.75270457 20.75270457 -20.04557939
