200000000.00000000
200000000.00000000
200000000.00000000
200000000.00000000
200000000.00000000
200000000.00000000
200000000.00000000
200000000.00000000
200000000.00000000
200000000.00000000
200000000.00000000
200000000.00000000
400000000.00000000
0.00000000
0.00000000
400000000.00000000
