5002999.70028564
6116408.90623317
393150.54787724
2948588.64507752
1706413.97936912
3620794.86055090
1585437.48192767
4452922.07778521
1954319.63923792
6311538.80691650
3959741.40027560
3797017.21373927
3853679.47811464
1340861.43602268
997001.74301176
2022968.01007502
904981.88810550
3475056.23803868
4935393.00964775
2648904.28169169
4733711.15461950
3509737.01723826
3550142.39463995
2583607.26651977
4227112.94213896
2083352.18914924
912115.15998236
760337.73111868
130557.66041554
4155569.36119872
5271163.51830807
5980736.69636204
4686799.51934554
230878.64945645
2100921.88706826
480861.04991221
3775646.48067131
2877976.62346143
1361784.48213321
5224363.82658951
4496414.73754014
4768528.14965444
4196901.40352460
1701853.93902730
4070077.18226298
1006019.65459793
5680806.05586645
1560635.85275735
2799832.06387379
1737758.22465967
