929357.90238035
1065944.83426698
2677372.75577126
1871469.74757463
165525.27163309
1679215.51211947
1843460.71622132
1294389.66317574
1544194.77817072
1982433.87459305
305980.71897577
1088422.59480420
2708480.51637630
99697.08529750
527806.56626154
852073.28114809
2435314.94539688
2656026.20392571
1436490.80534869
2392226.43995714
929126.96024743
100182.59597311
893033.49688677
157436.22872104
270998.79878742
1417064.72155743
1182110.24710991
1631087.55213200
1453470.57137965
2512358.81638291
855109.55075569
3117624.47339158
1829169.54650808
595290.64981792
1157620.84770083
2232959.76672740
548168.08866219
2317117.86546697
909158.70871241
1241941.79934787
715711.94269407
1757087.58362481
1835240.15104547
1134312.62120234
2800527.36967330
1410906.51000617
451870.20492870
1949824.89753844
929060.14688798
1082335.81453591
