16826.27286460
13294.67819272
30178.16666667
10640.44536287
11258.86731375
4308.55153423
8473.70509684
13910.00607425
15125.51559454
28123.48462302
3825.62970694
25497.63524319
10052.70871840
15397.15225851
17109.74256417
27399.36081753
12143.53900709
4624.56218274
25859.43333022
21461.25292097
15134.48760580
22867.88262911
6496.37639263
19877.79253313
1547.12131806
20452.89311757
3657.23219221
22061.62959787
10029.12677078
23773.96821505
15910.07408123
11129.37562438
27952.67996261
25727.22834494
20311.21053834
22226.87496150
6608.58933002
5615.62460192
6130.09762100
21356.29449615
6321.43548387
19639.33557731
1820.13458502
17124.40857370
16316.95564987
22006.74299806
15455.03969550
17862.26741285
24740.83646813
14862.80880313
