5809.54236899
27686.10871207
20787.82715393
18145.35291126
25947.24496123
8077.18600866
15265.89262572
5494.02324562
3117.04433757
13859.90713407
25437.26575879
5899.15369660
29874.57142857
9616.87910828
14946.81975351
18848.09114519
4206.11254330
8311.61473203
16444.26342711
10957.31990975
20915.37370941
21616.34864227
14265.83422198
8005.55325651
27297.21277862
15852.88400529
22256.05519794
13808.29801771
20951.16731110
7099.13815971
10447.85135135
14823.38157666
2423.29535998
14614.07534232
1583.81058034
10834.03280531
14587.33964845
25764.90317696
7436.49926912
375.60196078
12479.91263260
19997.35444771
8051.93712829
22267.86712963
334.90699922
11049.79513689
24689.96168544
12428.44650755
26723.36401756
3454.59552074
